[    0.000000] Linux version 5.6.0-rc3+ (root@ubuntu) (gcc version 7.4.0 (Ubuntu 7.4.0-1ubuntu1~18.04.1)) #1 SMP Tue Feb 25 00:11:49 PST 2020
[    0.000000] Command line: BOOT_IMAGE=/boot/vmlinuz-5.6.0-rc3+ root=UUID=fa78713d-4a8a-4920-9b93-d465800bbc38 ro find_preseed=/preseed.cfg auto noprompt priority=critical locale=en_US quiet
[    0.000000] KERNEL supported cpus:
[    0.000000]   Intel GenuineIntel
[    0.000000]   AMD AuthenticAMD
[    0.000000]   Hygon HygonGenuine
[    0.000000]   Centaur CentaurHauls
[    0.000000]   zhaoxin   Shanghai  
[    0.000000] Disabled fast string operations
[    0.000000] x86/fpu: Supporting XSAVE feature 0x001: 'x87 floating point registers'
[    0.000000] x86/fpu: Supporting XSAVE feature 0x002: 'SSE registers'
[    0.000000] x86/fpu: Supporting XSAVE feature 0x004: 'AVX registers'
[    0.000000] x86/fpu: Supporting XSAVE feature 0x008: 'MPX bounds registers'
[    0.000000] x86/fpu: Supporting XSAVE feature 0x010: 'MPX CSR'
[    0.000000] x86/fpu: xstate_offset[2]:  576, xstate_sizes[2]:  256
[    0.000000] x86/fpu: xstate_offset[3]:  832, xstate_sizes[3]:   64
[    0.000000] x86/fpu: xstate_offset[4]:  896, xstate_sizes[4]:   64
[    0.000000] x86/fpu: Enabled xstate features 0x1f, context size is 960 bytes, using 'compacted' format.
[    0.000000] BIOS-provided physical RAM map:
[    0.000000] BIOS-e820: [mem 0x0000000000000000-0x000000000009e7ff] usable
[    0.000000] BIOS-e820: [mem 0x000000000009e800-0x000000000009ffff] reserved
[    0.000000] BIOS-e820: [mem 0x00000000000dc000-0x00000000000fffff] reserved
[    0.000000] BIOS-e820: [mem 0x0000000000100000-0x00000000bfecffff] usable
[    0.000000] BIOS-e820: [mem 0x00000000bfed0000-0x00000000bfefefff] ACPI data
[    0.000000] BIOS-e820: [mem 0x00000000bfeff000-0x00000000bfefffff] ACPI NVS
[    0.000000] BIOS-e820: [mem 0x00000000bff00000-0x00000000bfffffff] usable
[    0.000000] BIOS-e820: [mem 0x00000000f0000000-0x00000000f7ffffff] reserved
[    0.000000] BIOS-e820: [mem 0x00000000fec00000-0x00000000fec0ffff] reserved
[    0.000000] BIOS-e820: [mem 0x00000000fee00000-0x00000000fee00fff] reserved
[    0.000000] BIOS-e820: [mem 0x00000000fffe0000-0x00000000ffffffff] reserved
[    0.000000] BIOS-e820: [mem 0x0000000100000000-0x000000019fffffff] usable
[    0.000000] NX (Execute Disable) protection: active
[    0.000000] SMBIOS 2.7 present.
[    0.000000] DMI: VMware, Inc. VMware Virtual Platform/440BX Desktop Reference Platform, BIOS 6.00 07/29/2019
[    0.000000] vmware: hypercall mode: 0x00
[    0.000000] Hypervisor detected: VMware
[    0.000000] vmware: TSC freq read from hypervisor : 2303.049 MHz
[    0.000000] vmware: Host bus clock speed read from hypervisor : 66000000 Hz
[    0.000000] vmware: using sched offset of 15279985111 ns
[    0.000001] tsc: Detected 2303.049 MHz processor
[    0.003433] e820: update [mem 0x00000000-0x00000fff] usable ==> reserved
[    0.003434] e820: remove [mem 0x000a0000-0x000fffff] usable
[    0.003438] last_pfn = 0x1a0000 max_arch_pfn = 0x400000000
[    0.003451] MTRR default type: uncachable
[    0.003452] MTRR fixed ranges enabled:
[    0.003453]   00000-9FFFF write-back
[    0.003453]   A0000-BFFFF uncachable
[    0.003454]   C0000-CBFFF write-protect
[    0.003454]   CC000-EFFFF uncachable
[    0.003454]   F0000-FFFFF write-protect
[    0.003455] MTRR variable ranges enabled:
[    0.003456]   0 base 00000000000 mask 7E000000000 write-back
[    0.003457]   1 base 000C0000000 mask 7FFC0000000 uncachable
[    0.003457]   2 disabled
[    0.003457]   3 disabled
[    0.003458]   4 disabled
[    0.003458]   5 disabled
[    0.003458]   6 disabled
[    0.003458]   7 disabled
[    0.003468] x86/PAT: Configuration [0-7]: WB  WC  UC- UC  WB  WP  UC- WT  
[    0.003478] total RAM covered: 130048M
[    0.004158] Found optimal setting for mtrr clean up
[    0.004158]  gran_size: 64K 	chunk_size: 64K 	num_reg: 7  	lose cover RAM: 0G
[    0.004194] e820: update [mem 0xc0000000-0xffffffff] usable ==> reserved
[    0.004198] last_pfn = 0xc0000 max_arch_pfn = 0x400000000
[    0.012771] found SMP MP-table at [mem 0x000f6a70-0x000f6a7f]
[    0.012883] check: Scanning 1 areas for low memory corruption
[    0.012976] Using GB pages for direct mapping
[    0.012980] BRK [0x127002000, 0x127002fff] PGTABLE
[    0.012981] BRK [0x127003000, 0x127003fff] PGTABLE
[    0.012982] BRK [0x127004000, 0x127004fff] PGTABLE
[    0.013009] BRK [0x127005000, 0x127005fff] PGTABLE
[    0.013010] BRK [0x127006000, 0x127006fff] PGTABLE
[    0.013107] BRK [0x127007000, 0x127007fff] PGTABLE
[    0.013128] BRK [0x127008000, 0x127008fff] PGTABLE
[    0.013179] RAMDISK: [mem 0x1cf98000-0x37feefff]
[    0.013210] ACPI: Early table checksum verification disabled
[    0.013213] ACPI: RSDP 0x00000000000F6A00 000024 (v02 PTLTD )
[    0.013217] ACPI: XSDT 0x00000000BFEDB633 00005C (v01 INTEL  440BX    06040000 VMW  01324272)
[    0.013222] ACPI: FACP 0x00000000BFEFEE73 0000F4 (v04 INTEL  440BX    06040000 PTL  000F4240)
[    0.013229] ACPI: DSDT 0x00000000BFEDD001 021E72 (v01 PTLTD  Custom   06040000 MSFT 03000001)
[    0.013233] ACPI: FACS 0x00000000BFEFFFC0 000040
[    0.013235] ACPI: FACS 0x00000000BFEFFFC0 000040
[    0.013237] ACPI: BOOT 0x00000000BFEDCFB4 000028 (v01 PTLTD  $SBFTBL$ 06040000  LTP 00000001)
[    0.013240] ACPI: APIC 0x00000000BFEDC872 000742 (v01 PTLTD  ? APIC   06040000  LTP 00000000)
[    0.013243] ACPI: MCFG 0x00000000BFEDC836 00003C (v01 PTLTD  $PCITBL$ 06040000  LTP 00000001)
[    0.013245] ACPI: SRAT 0x00000000BFEDB72F 0008D0 (v02 VMWARE MEMPLUG  06040000 VMW  00000001)
[    0.013248] ACPI: HPET 0x00000000BFEDB6F7 000038 (v01 VMWARE VMW HPET 06040000 VMW  00000001)
[    0.013250] ACPI: WAET 0x00000000BFEDB6CF 000028 (v01 VMWARE VMW WAET 06040000 VMW  00000001)
[    0.013259] ACPI: Local APIC address 0xfee00000
[    0.013266] system APIC only can use physical flat
[    0.013267] Setting APIC routing to physical flat.
[    0.013306] SRAT: PXM 0 -> APIC 0x00 -> Node 0
[    0.013306] SRAT: PXM 0 -> APIC 0x01 -> Node 0
[    0.013307] SRAT: PXM 0 -> APIC 0x02 -> Node 0
[    0.013307] SRAT: PXM 0 -> APIC 0x04 -> Node 0
[    0.013307] SRAT: PXM 0 -> APIC 0x05 -> Node 0
[    0.013308] SRAT: PXM 0 -> APIC 0x06 -> Node 0
[    0.013308] SRAT: PXM 0 -> APIC 0x08 -> Node 0
[    0.013308] SRAT: PXM 0 -> APIC 0x09 -> Node 0
[    0.013309] SRAT: PXM 0 -> APIC 0x0a -> Node 0
[    0.013309] SRAT: PXM 0 -> APIC 0x0c -> Node 0
[    0.013309] SRAT: PXM 0 -> APIC 0x0d -> Node 0
[    0.013310] SRAT: PXM 0 -> APIC 0x0e -> Node 0
[    0.013310] SRAT: PXM 0 -> APIC 0x10 -> Node 0
[    0.013310] SRAT: PXM 0 -> APIC 0x11 -> Node 0
[    0.013311] SRAT: PXM 0 -> APIC 0x12 -> Node 0
[    0.013311] SRAT: PXM 0 -> APIC 0x14 -> Node 0
[    0.013312] SRAT: PXM 0 -> APIC 0x15 -> Node 0
[    0.013312] SRAT: PXM 0 -> APIC 0x16 -> Node 0
[    0.013312] SRAT: PXM 0 -> APIC 0x18 -> Node 0
[    0.013313] SRAT: PXM 0 -> APIC 0x19 -> Node 0
[    0.013313] SRAT: PXM 0 -> APIC 0x1a -> Node 0
[    0.013313] SRAT: PXM 0 -> APIC 0x1c -> Node 0
[    0.013314] SRAT: PXM 0 -> APIC 0x1d -> Node 0
[    0.013314] SRAT: PXM 0 -> APIC 0x1e -> Node 0
[    0.013314] SRAT: PXM 0 -> APIC 0x20 -> Node 0
[    0.013315] SRAT: PXM 0 -> APIC 0x21 -> Node 0
[    0.013315] SRAT: PXM 0 -> APIC 0x22 -> Node 0
[    0.013315] SRAT: PXM 0 -> APIC 0x24 -> Node 0
[    0.013316] SRAT: PXM 0 -> APIC 0x25 -> Node 0
[    0.013316] SRAT: PXM 0 -> APIC 0x26 -> Node 0
[    0.013316] SRAT: PXM 0 -> APIC 0x28 -> Node 0
[    0.013317] SRAT: PXM 0 -> APIC 0x29 -> Node 0
[    0.013317] SRAT: PXM 0 -> APIC 0x2a -> Node 0
[    0.013317] SRAT: PXM 0 -> APIC 0x2c -> Node 0
[    0.013318] SRAT: PXM 0 -> APIC 0x2d -> Node 0
[    0.013318] SRAT: PXM 0 -> APIC 0x2e -> Node 0
[    0.013319] SRAT: PXM 0 -> APIC 0x30 -> Node 0
[    0.013319] SRAT: PXM 0 -> APIC 0x31 -> Node 0
[    0.013319] SRAT: PXM 0 -> APIC 0x32 -> Node 0
[    0.013320] SRAT: PXM 0 -> APIC 0x34 -> Node 0
[    0.013320] SRAT: PXM 0 -> APIC 0x35 -> Node 0
[    0.013320] SRAT: PXM 0 -> APIC 0x36 -> Node 0
[    0.013321] SRAT: PXM 0 -> APIC 0x38 -> Node 0
[    0.013321] SRAT: PXM 0 -> APIC 0x39 -> Node 0
[    0.013321] SRAT: PXM 0 -> APIC 0x3a -> Node 0
[    0.013322] SRAT: PXM 0 -> APIC 0x3c -> Node 0
[    0.013322] SRAT: PXM 0 -> APIC 0x3d -> Node 0
[    0.013322] SRAT: PXM 0 -> APIC 0x3e -> Node 0
[    0.013323] SRAT: PXM 0 -> APIC 0x40 -> Node 0
[    0.013323] SRAT: PXM 0 -> APIC 0x41 -> Node 0
[    0.013323] SRAT: PXM 0 -> APIC 0x42 -> Node 0
[    0.013324] SRAT: PXM 0 -> APIC 0x44 -> Node 0
[    0.013324] SRAT: PXM 0 -> APIC 0x45 -> Node 0
[    0.013325] SRAT: PXM 0 -> APIC 0x46 -> Node 0
[    0.013325] SRAT: PXM 0 -> APIC 0x48 -> Node 0
[    0.013325] SRAT: PXM 0 -> APIC 0x49 -> Node 0
[    0.013326] SRAT: PXM 0 -> APIC 0x4a -> Node 0
[    0.013326] SRAT: PXM 0 -> APIC 0x4c -> Node 0
[    0.013326] SRAT: PXM 0 -> APIC 0x4d -> Node 0
[    0.013327] SRAT: PXM 0 -> APIC 0x4e -> Node 0
[    0.013327] SRAT: PXM 0 -> APIC 0x50 -> Node 0
[    0.013327] SRAT: PXM 0 -> APIC 0x51 -> Node 0
[    0.013328] SRAT: PXM 0 -> APIC 0x52 -> Node 0
[    0.013328] SRAT: PXM 0 -> APIC 0x54 -> Node 0
[    0.013328] SRAT: PXM 0 -> APIC 0x55 -> Node 0
[    0.013329] SRAT: PXM 0 -> APIC 0x56 -> Node 0
[    0.013329] SRAT: PXM 0 -> APIC 0x58 -> Node 0
[    0.013329] SRAT: PXM 0 -> APIC 0x59 -> Node 0
[    0.013330] SRAT: PXM 0 -> APIC 0x5a -> Node 0
[    0.013330] SRAT: PXM 0 -> APIC 0x5c -> Node 0
[    0.013330] SRAT: PXM 0 -> APIC 0x5d -> Node 0
[    0.013331] SRAT: PXM 0 -> APIC 0x5e -> Node 0
[    0.013331] SRAT: PXM 0 -> APIC 0x60 -> Node 0
[    0.013332] SRAT: PXM 0 -> APIC 0x61 -> Node 0
[    0.013332] SRAT: PXM 0 -> APIC 0x62 -> Node 0
[    0.013332] SRAT: PXM 0 -> APIC 0x64 -> Node 0
[    0.013333] SRAT: PXM 0 -> APIC 0x65 -> Node 0
[    0.013333] SRAT: PXM 0 -> APIC 0x66 -> Node 0
[    0.013333] SRAT: PXM 0 -> APIC 0x68 -> Node 0
[    0.013334] SRAT: PXM 0 -> APIC 0x69 -> Node 0
[    0.013334] SRAT: PXM 0 -> APIC 0x6a -> Node 0
[    0.013334] SRAT: PXM 0 -> APIC 0x6c -> Node 0
[    0.013335] SRAT: PXM 0 -> APIC 0x6d -> Node 0
[    0.013335] SRAT: PXM 0 -> APIC 0x6e -> Node 0
[    0.013335] SRAT: PXM 0 -> APIC 0x70 -> Node 0
[    0.013336] SRAT: PXM 0 -> APIC 0x71 -> Node 0
[    0.013336] SRAT: PXM 0 -> APIC 0x72 -> Node 0
[    0.013336] SRAT: PXM 0 -> APIC 0x74 -> Node 0
[    0.013337] SRAT: PXM 0 -> APIC 0x75 -> Node 0
[    0.013337] SRAT: PXM 0 -> APIC 0x76 -> Node 0
[    0.013338] SRAT: PXM 0 -> APIC 0x78 -> Node 0
[    0.013338] SRAT: PXM 0 -> APIC 0x79 -> Node 0
[    0.013338] SRAT: PXM 0 -> APIC 0x7a -> Node 0
[    0.013339] SRAT: PXM 0 -> APIC 0x7c -> Node 0
[    0.013339] SRAT: PXM 0 -> APIC 0x7d -> Node 0
[    0.013339] SRAT: PXM 0 -> APIC 0x7e -> Node 0
[    0.013340] SRAT: PXM 0 -> APIC 0x80 -> Node 0
[    0.013340] SRAT: PXM 0 -> APIC 0x81 -> Node 0
[    0.013340] SRAT: PXM 0 -> APIC 0x82 -> Node 0
[    0.013341] SRAT: PXM 0 -> APIC 0x84 -> Node 0
[    0.013341] SRAT: PXM 0 -> APIC 0x85 -> Node 0
[    0.013341] SRAT: PXM 0 -> APIC 0x86 -> Node 0
[    0.013342] SRAT: PXM 0 -> APIC 0x88 -> Node 0
[    0.013342] SRAT: PXM 0 -> APIC 0x89 -> Node 0
[    0.013342] SRAT: PXM 0 -> APIC 0x8a -> Node 0
[    0.013343] SRAT: PXM 0 -> APIC 0x8c -> Node 0
[    0.013343] SRAT: PXM 0 -> APIC 0x8d -> Node 0
[    0.013344] SRAT: PXM 0 -> APIC 0x8e -> Node 0
[    0.013344] SRAT: PXM 0 -> APIC 0x90 -> Node 0
[    0.013344] SRAT: PXM 0 -> APIC 0x91 -> Node 0
[    0.013345] SRAT: PXM 0 -> APIC 0x92 -> Node 0
[    0.013345] SRAT: PXM 0 -> APIC 0x94 -> Node 0
[    0.013345] SRAT: PXM 0 -> APIC 0x95 -> Node 0
[    0.013346] SRAT: PXM 0 -> APIC 0x96 -> Node 0
[    0.013346] SRAT: PXM 0 -> APIC 0x98 -> Node 0
[    0.013346] SRAT: PXM 0 -> APIC 0x99 -> Node 0
[    0.013347] SRAT: PXM 0 -> APIC 0x9a -> Node 0
[    0.013347] SRAT: PXM 0 -> APIC 0x9c -> Node 0
[    0.013347] SRAT: PXM 0 -> APIC 0x9d -> Node 0
[    0.013348] SRAT: PXM 0 -> APIC 0x9e -> Node 0
[    0.013348] SRAT: PXM 0 -> APIC 0xa0 -> Node 0
[    0.013348] SRAT: PXM 0 -> APIC 0xa1 -> Node 0
[    0.013349] SRAT: PXM 0 -> APIC 0xa2 -> Node 0
[    0.013349] SRAT: PXM 0 -> APIC 0xa4 -> Node 0
[    0.013349] SRAT: PXM 0 -> APIC 0xa5 -> Node 0
[    0.013350] SRAT: PXM 0 -> APIC 0xa6 -> Node 0
[    0.013350] SRAT: PXM 0 -> APIC 0xa8 -> Node 0
[    0.013351] SRAT: PXM 0 -> APIC 0xa9 -> Node 0
[    0.013354] ACPI: SRAT: Node 0 PXM 0 [mem 0x00000000-0x0009ffff]
[    0.013354] ACPI: SRAT: Node 0 PXM 0 [mem 0x00100000-0xbfffffff]
[    0.013355] ACPI: SRAT: Node 0 PXM 0 [mem 0x100000000-0x19fffffff]
[    0.013356] ACPI: SRAT: Node 0 PXM 0 [mem 0x1a0000000-0x163fffffff] hotplug
[    0.013358] NUMA: Node 0 [mem 0x00000000-0x0009ffff] + [mem 0x00100000-0xbfffffff] -> [mem 0x00000000-0xbfffffff]
[    0.013358] NUMA: Node 0 [mem 0x00000000-0xbfffffff] + [mem 0x100000000-0x19fffffff] -> [mem 0x00000000-0x19fffffff]
[    0.013365] NODE_DATA(0) allocated [mem 0x19ffd5000-0x19fffffff]
[    0.014800] Zone ranges:
[    0.014801]   DMA      [mem 0x0000000000001000-0x0000000000ffffff]
[    0.014801]   DMA32    [mem 0x0000000001000000-0x00000000ffffffff]
[    0.014802]   Normal   [mem 0x0000000100000000-0x000000019fffffff]
[    0.014803]   Device   empty
[    0.014803] Movable zone start for each node
[    0.014805] Early memory node ranges
[    0.014806]   node   0: [mem 0x0000000000001000-0x000000000009dfff]
[    0.014807]   node   0: [mem 0x0000000000100000-0x00000000bfecffff]
[    0.014807]   node   0: [mem 0x00000000bff00000-0x00000000bfffffff]
[    0.014808]   node   0: [mem 0x0000000100000000-0x000000019fffffff]
[    0.014910] Zeroed struct page in unavailable ranges: 147 pages
[    0.014911] Initmem setup node 0 [mem 0x0000000000001000-0x000000019fffffff]
[    0.014912] On node 0 totalpages: 1441645
[    0.014913]   DMA zone: 64 pages used for memmap
[    0.014913]   DMA zone: 21 pages reserved
[    0.014914]   DMA zone: 3997 pages, LIFO batch:0
[    0.016357]   DMA32 zone: 12224 pages used for memmap
[    0.016358]   DMA32 zone: 782288 pages, LIFO batch:63
[    0.334575]   Normal zone: 10240 pages used for memmap
[    0.334577]   Normal zone: 655360 pages, LIFO batch:63
[    0.603005] ACPI: PM-Timer IO Port: 0x1008
[    0.603008] ACPI: Local APIC address 0xfee00000
[    0.603012] system APIC only can use physical flat
[    0.603023] ACPI: LAPIC_NMI (acpi_id[0x00] high edge lint[0x1])
[    0.603024] ACPI: LAPIC_NMI (acpi_id[0x01] high edge lint[0x1])
[    0.603024] ACPI: LAPIC_NMI (acpi_id[0x02] high edge lint[0x1])
[    0.603024] ACPI: LAPIC_NMI (acpi_id[0x03] high edge lint[0x1])
[    0.603025] ACPI: LAPIC_NMI (acpi_id[0x04] high edge lint[0x1])
[    0.603025] ACPI: LAPIC_NMI (acpi_id[0x05] high edge lint[0x1])
[    0.603026] ACPI: LAPIC_NMI (acpi_id[0x06] high edge lint[0x1])
[    0.603026] ACPI: LAPIC_NMI (acpi_id[0x07] high edge lint[0x1])
[    0.603026] ACPI: LAPIC_NMI (acpi_id[0x08] high edge lint[0x1])
[    0.603027] ACPI: LAPIC_NMI (acpi_id[0x09] high edge lint[0x1])
[    0.603027] ACPI: LAPIC_NMI (acpi_id[0x0a] high edge lint[0x1])
[    0.603028] ACPI: LAPIC_NMI (acpi_id[0x0b] high edge lint[0x1])
[    0.603028] ACPI: LAPIC_NMI (acpi_id[0x0c] high edge lint[0x1])
[    0.603028] ACPI: LAPIC_NMI (acpi_id[0x0d] high edge lint[0x1])
[    0.603029] ACPI: LAPIC_NMI (acpi_id[0x0e] high edge lint[0x1])
[    0.603029] ACPI: LAPIC_NMI (acpi_id[0x0f] high edge lint[0x1])
[    0.603029] ACPI: LAPIC_NMI (acpi_id[0x10] high edge lint[0x1])
[    0.603030] ACPI: LAPIC_NMI (acpi_id[0x11] high edge lint[0x1])
[    0.603030] ACPI: LAPIC_NMI (acpi_id[0x12] high edge lint[0x1])
[    0.603031] ACPI: LAPIC_NMI (acpi_id[0x13] high edge lint[0x1])
[    0.603031] ACPI: LAPIC_NMI (acpi_id[0x14] high edge lint[0x1])
[    0.603031] ACPI: LAPIC_NMI (acpi_id[0x15] high edge lint[0x1])
[    0.603032] ACPI: LAPIC_NMI (acpi_id[0x16] high edge lint[0x1])
[    0.603032] ACPI: LAPIC_NMI (acpi_id[0x17] high edge lint[0x1])
[    0.603032] ACPI: LAPIC_NMI (acpi_id[0x18] high edge lint[0x1])
[    0.603033] ACPI: LAPIC_NMI (acpi_id[0x19] high edge lint[0x1])
[    0.603033] ACPI: LAPIC_NMI (acpi_id[0x1a] high edge lint[0x1])
[    0.603034] ACPI: LAPIC_NMI (acpi_id[0x1b] high edge lint[0x1])
[    0.603034] ACPI: LAPIC_NMI (acpi_id[0x1c] high edge lint[0x1])
[    0.603034] ACPI: LAPIC_NMI (acpi_id[0x1d] high edge lint[0x1])
[    0.603035] ACPI: LAPIC_NMI (acpi_id[0x1e] high edge lint[0x1])
[    0.603035] ACPI: LAPIC_NMI (acpi_id[0x1f] high edge lint[0x1])
[    0.603035] ACPI: LAPIC_NMI (acpi_id[0x20] high edge lint[0x1])
[    0.603036] ACPI: LAPIC_NMI (acpi_id[0x21] high edge lint[0x1])
[    0.603036] ACPI: LAPIC_NMI (acpi_id[0x22] high edge lint[0x1])
[    0.603037] ACPI: LAPIC_NMI (acpi_id[0x23] high edge lint[0x1])
[    0.603037] ACPI: LAPIC_NMI (acpi_id[0x24] high edge lint[0x1])
[    0.603037] ACPI: LAPIC_NMI (acpi_id[0x25] high edge lint[0x1])
[    0.603038] ACPI: LAPIC_NMI (acpi_id[0x26] high edge lint[0x1])
[    0.603038] ACPI: LAPIC_NMI (acpi_id[0x27] high edge lint[0x1])
[    0.603038] ACPI: LAPIC_NMI (acpi_id[0x28] high edge lint[0x1])
[    0.603039] ACPI: LAPIC_NMI (acpi_id[0x29] high edge lint[0x1])
[    0.603039] ACPI: LAPIC_NMI (acpi_id[0x2a] high edge lint[0x1])
[    0.603039] ACPI: LAPIC_NMI (acpi_id[0x2b] high edge lint[0x1])
[    0.603040] ACPI: LAPIC_NMI (acpi_id[0x2c] high edge lint[0x1])
[    0.603040] ACPI: LAPIC_NMI (acpi_id[0x2d] high edge lint[0x1])
[    0.603041] ACPI: LAPIC_NMI (acpi_id[0x2e] high edge lint[0x1])
[    0.603041] ACPI: LAPIC_NMI (acpi_id[0x2f] high edge lint[0x1])
[    0.603041] ACPI: LAPIC_NMI (acpi_id[0x30] high edge lint[0x1])
[    0.603042] ACPI: LAPIC_NMI (acpi_id[0x31] high edge lint[0x1])
[    0.603042] ACPI: LAPIC_NMI (acpi_id[0x32] high edge lint[0x1])
[    0.603042] ACPI: LAPIC_NMI (acpi_id[0x33] high edge lint[0x1])
[    0.603043] ACPI: LAPIC_NMI (acpi_id[0x34] high edge lint[0x1])
[    0.603043] ACPI: LAPIC_NMI (acpi_id[0x35] high edge lint[0x1])
[    0.603044] ACPI: LAPIC_NMI (acpi_id[0x36] high edge lint[0x1])
[    0.603044] ACPI: LAPIC_NMI (acpi_id[0x37] high edge lint[0x1])
[    0.603044] ACPI: LAPIC_NMI (acpi_id[0x38] high edge lint[0x1])
[    0.603045] ACPI: LAPIC_NMI (acpi_id[0x39] high edge lint[0x1])
[    0.603045] ACPI: LAPIC_NMI (acpi_id[0x3a] high edge lint[0x1])
[    0.603045] ACPI: LAPIC_NMI (acpi_id[0x3b] high edge lint[0x1])
[    0.603046] ACPI: LAPIC_NMI (acpi_id[0x3c] high edge lint[0x1])
[    0.603046] ACPI: LAPIC_NMI (acpi_id[0x3d] high edge lint[0x1])
[    0.603047] ACPI: LAPIC_NMI (acpi_id[0x3e] high edge lint[0x1])
[    0.603047] ACPI: LAPIC_NMI (acpi_id[0x3f] high edge lint[0x1])
[    0.603047] ACPI: LAPIC_NMI (acpi_id[0x40] high edge lint[0x1])
[    0.603048] ACPI: LAPIC_NMI (acpi_id[0x41] high edge lint[0x1])
[    0.603048] ACPI: LAPIC_NMI (acpi_id[0x42] high edge lint[0x1])
[    0.603048] ACPI: LAPIC_NMI (acpi_id[0x43] high edge lint[0x1])
[    0.603049] ACPI: LAPIC_NMI (acpi_id[0x44] high edge lint[0x1])
[    0.603049] ACPI: LAPIC_NMI (acpi_id[0x45] high edge lint[0x1])
[    0.603049] ACPI: LAPIC_NMI (acpi_id[0x46] high edge lint[0x1])
[    0.603050] ACPI: LAPIC_NMI (acpi_id[0x47] high edge lint[0x1])
[    0.603050] ACPI: LAPIC_NMI (acpi_id[0x48] high edge lint[0x1])
[    0.603051] ACPI: LAPIC_NMI (acpi_id[0x49] high edge lint[0x1])
[    0.603051] ACPI: LAPIC_NMI (acpi_id[0x4a] high edge lint[0x1])
[    0.603051] ACPI: LAPIC_NMI (acpi_id[0x4b] high edge lint[0x1])
[    0.603052] ACPI: LAPIC_NMI (acpi_id[0x4c] high edge lint[0x1])
[    0.603052] ACPI: LAPIC_NMI (acpi_id[0x4d] high edge lint[0x1])
[    0.603052] ACPI: LAPIC_NMI (acpi_id[0x4e] high edge lint[0x1])
[    0.603053] ACPI: LAPIC_NMI (acpi_id[0x4f] high edge lint[0x1])
[    0.603053] ACPI: LAPIC_NMI (acpi_id[0x50] high edge lint[0x1])
[    0.603054] ACPI: LAPIC_NMI (acpi_id[0x51] high edge lint[0x1])
[    0.603054] ACPI: LAPIC_NMI (acpi_id[0x52] high edge lint[0x1])
[    0.603054] ACPI: LAPIC_NMI (acpi_id[0x53] high edge lint[0x1])
[    0.603055] ACPI: LAPIC_NMI (acpi_id[0x54] high edge lint[0x1])
[    0.603055] ACPI: LAPIC_NMI (acpi_id[0x55] high edge lint[0x1])
[    0.603055] ACPI: LAPIC_NMI (acpi_id[0x56] high edge lint[0x1])
[    0.603056] ACPI: LAPIC_NMI (acpi_id[0x57] high edge lint[0x1])
[    0.603056] ACPI: LAPIC_NMI (acpi_id[0x58] high edge lint[0x1])
[    0.603057] ACPI: LAPIC_NMI (acpi_id[0x59] high edge lint[0x1])
[    0.603057] ACPI: LAPIC_NMI (acpi_id[0x5a] high edge lint[0x1])
[    0.603057] ACPI: LAPIC_NMI (acpi_id[0x5b] high edge lint[0x1])
[    0.603058] ACPI: LAPIC_NMI (acpi_id[0x5c] high edge lint[0x1])
[    0.603058] ACPI: LAPIC_NMI (acpi_id[0x5d] high edge lint[0x1])
[    0.603058] ACPI: LAPIC_NMI (acpi_id[0x5e] high edge lint[0x1])
[    0.603059] ACPI: LAPIC_NMI (acpi_id[0x5f] high edge lint[0x1])
[    0.603059] ACPI: LAPIC_NMI (acpi_id[0x60] high edge lint[0x1])
[    0.603059] ACPI: LAPIC_NMI (acpi_id[0x61] high edge lint[0x1])
[    0.603060] ACPI: LAPIC_NMI (acpi_id[0x62] high edge lint[0x1])
[    0.603060] ACPI: LAPIC_NMI (acpi_id[0x63] high edge lint[0x1])
[    0.603061] ACPI: LAPIC_NMI (acpi_id[0x64] high edge lint[0x1])
[    0.603061] ACPI: LAPIC_NMI (acpi_id[0x65] high edge lint[0x1])
[    0.603061] ACPI: LAPIC_NMI (acpi_id[0x66] high edge lint[0x1])
[    0.603062] ACPI: LAPIC_NMI (acpi_id[0x67] high edge lint[0x1])
[    0.603062] ACPI: LAPIC_NMI (acpi_id[0x68] high edge lint[0x1])
[    0.603062] ACPI: LAPIC_NMI (acpi_id[0x69] high edge lint[0x1])
[    0.603063] ACPI: LAPIC_NMI (acpi_id[0x6a] high edge lint[0x1])
[    0.603063] ACPI: LAPIC_NMI (acpi_id[0x6b] high edge lint[0x1])
[    0.603064] ACPI: LAPIC_NMI (acpi_id[0x6c] high edge lint[0x1])
[    0.603064] ACPI: LAPIC_NMI (acpi_id[0x6d] high edge lint[0x1])
[    0.603064] ACPI: LAPIC_NMI (acpi_id[0x6e] high edge lint[0x1])
[    0.603065] ACPI: LAPIC_NMI (acpi_id[0x6f] high edge lint[0x1])
[    0.603065] ACPI: LAPIC_NMI (acpi_id[0x70] high edge lint[0x1])
[    0.603065] ACPI: LAPIC_NMI (acpi_id[0x71] high edge lint[0x1])
[    0.603066] ACPI: LAPIC_NMI (acpi_id[0x72] high edge lint[0x1])
[    0.603066] ACPI: LAPIC_NMI (acpi_id[0x73] high edge lint[0x1])
[    0.603067] ACPI: LAPIC_NMI (acpi_id[0x74] high edge lint[0x1])
[    0.603067] ACPI: LAPIC_NMI (acpi_id[0x75] high edge lint[0x1])
[    0.603067] ACPI: LAPIC_NMI (acpi_id[0x76] high edge lint[0x1])
[    0.603068] ACPI: LAPIC_NMI (acpi_id[0x77] high edge lint[0x1])
[    0.603068] ACPI: LAPIC_NMI (acpi_id[0x78] high edge lint[0x1])
[    0.603068] ACPI: LAPIC_NMI (acpi_id[0x79] high edge lint[0x1])
[    0.603069] ACPI: LAPIC_NMI (acpi_id[0x7a] high edge lint[0x1])
[    0.603069] ACPI: LAPIC_NMI (acpi_id[0x7b] high edge lint[0x1])
[    0.603070] ACPI: LAPIC_NMI (acpi_id[0x7c] high edge lint[0x1])
[    0.603070] ACPI: LAPIC_NMI (acpi_id[0x7d] high edge lint[0x1])
[    0.603070] ACPI: LAPIC_NMI (acpi_id[0x7e] high edge lint[0x1])
[    0.603071] ACPI: LAPIC_NMI (acpi_id[0x7f] high edge lint[0x1])
[    0.603103] IOAPIC[0]: apic_id 3, version 32, address 0xfec00000, GSI 0-23
[    0.603106] ACPI: INT_SRC_OVR (bus 0 bus_irq 0 global_irq 2 high edge)
[    0.603109] ACPI: IRQ0 used by override.
[    0.603110] ACPI: IRQ9 used by override.
[    0.603112] Using ACPI (MADT) for SMP configuration information
[    0.603114] ACPI: HPET id: 0x8086af01 base: 0xfed00000
[    0.603124] smpboot: Allowing 128 CPUs, 125 hotplug CPUs
[    0.603169] PM: hibernation: Registered nosave memory: [mem 0x00000000-0x00000fff]
[    0.603170] PM: hibernation: Registered nosave memory: [mem 0x0009e000-0x0009efff]
[    0.603171] PM: hibernation: Registered nosave memory: [mem 0x0009f000-0x0009ffff]
[    0.603171] PM: hibernation: Registered nosave memory: [mem 0x000a0000-0x000dbfff]
[    0.603171] PM: hibernation: Registered nosave memory: [mem 0x000dc000-0x000fffff]
[    0.603172] PM: hibernation: Registered nosave memory: [mem 0xbfed0000-0xbfefefff]
[    0.603173] PM: hibernation: Registered nosave memory: [mem 0xbfeff000-0xbfefffff]
[    0.603173] PM: hibernation: Registered nosave memory: [mem 0xc0000000-0xefffffff]
[    0.603174] PM: hibernation: Registered nosave memory: [mem 0xf0000000-0xf7ffffff]
[    0.603174] PM: hibernation: Registered nosave memory: [mem 0xf8000000-0xfebfffff]
[    0.603174] PM: hibernation: Registered nosave memory: [mem 0xfec00000-0xfec0ffff]
[    0.603175] PM: hibernation: Registered nosave memory: [mem 0xfec10000-0xfedfffff]
[    0.603175] PM: hibernation: Registered nosave memory: [mem 0xfee00000-0xfee00fff]
[    0.603175] PM: hibernation: Registered nosave memory: [mem 0xfee01000-0xfffdffff]
[    0.603176] PM: hibernation: Registered nosave memory: [mem 0xfffe0000-0xffffffff]
[    0.603177] [mem 0xc0000000-0xefffffff] available for PCI devices
[    0.603178] Booting paravirtualized kernel on VMware hypervisor
[    0.603181] clocksource: refined-jiffies: mask: 0xffffffff max_cycles: 0xffffffff, max_idle_ns: 7645519600211568 ns
[    0.603186] setup_percpu: NR_CPUS:8192 nr_cpumask_bits:128 nr_cpu_ids:128 nr_node_ids:1
[    0.814471] percpu: Embedded 57 pages/cpu s196608 r8192 d28672 u262144
[    0.814489] pcpu-alloc: s196608 r8192 d28672 u262144 alloc=1*2097152
[    0.814490] pcpu-alloc: [0] 000 001 002 003 004 005 006 007 
[    0.814492] pcpu-alloc: [0] 008 009 010 011 012 013 014 015 
[    0.814495] pcpu-alloc: [0] 016 017 018 019 020 021 022 023 
[    0.814497] pcpu-alloc: [0] 024 025 026 027 028 029 030 031 
[    0.814499] pcpu-alloc: [0] 032 033 034 035 036 037 038 039 
[    0.814501] pcpu-alloc: [0] 040 041 042 043 044 045 046 047 
[    0.814503] pcpu-alloc: [0] 048 049 050 051 052 053 054 055 
[    0.814504] pcpu-alloc: [0] 056 057 058 059 060 061 062 063 
[    0.814506] pcpu-alloc: [0] 064 065 066 067 068 069 070 071 
[    0.814508] pcpu-alloc: [0] 072 073 074 075 076 077 078 079 
[    0.814510] pcpu-alloc: [0] 080 081 082 083 084 085 086 087 
[    0.814512] pcpu-alloc: [0] 088 089 090 091 092 093 094 095 
[    0.814513] pcpu-alloc: [0] 096 097 098 099 100 101 102 103 
[    0.814514] pcpu-alloc: [0] 104 105 106 107 108 109 110 111 
[    0.814515] pcpu-alloc: [0] 112 113 114 115 116 117 118 119 
[    0.814517] pcpu-alloc: [0] 120 121 122 123 124 125 126 127 
[    0.814694] Built 1 zonelists, mobility grouping on.  Total pages: 1419096
[    0.814695] Policy zone: Normal
[    0.814697] Kernel command line: BOOT_IMAGE=/boot/vmlinuz-5.6.0-rc3+ root=UUID=fa78713d-4a8a-4920-9b93-d465800bbc38 ro find_preseed=/preseed.cfg auto noprompt priority=critical locale=en_US quiet
[    0.814810] printk: log_buf_len individual max cpu contribution: 4096 bytes
[    0.814810] printk: log_buf_len total cpu_extra contributions: 520192 bytes
[    0.814811] printk: log_buf_len min size: 262144 bytes
[    0.822175] printk: log_buf_len: 1048576 bytes
[    0.822177] printk: early log buf free: 234920(89%)
[    0.872808] Dentry cache hash table entries: 1048576 (order: 11, 8388608 bytes, linear)
[    0.896322] Inode-cache hash table entries: 524288 (order: 10, 4194304 bytes, linear)
[    0.898870] mem auto-init: stack:off, heap alloc:on, heap free:off
[    1.101613] Memory: 5092140K/5766580K available (14340K kernel code, 2489K rwdata, 5040K rodata, 2540K init, 5076K bss, 674440K reserved, 0K cma-reserved)
[    1.102905] SLUB: HWalign=64, Order=0-3, MinObjects=0, CPUs=128, Nodes=1
[    1.103020] Kernel/User page tables isolation: enabled
[    1.103571] ftrace: allocating 44094 entries in 173 pages
[    1.122578] ftrace: allocated 173 pages with 5 groups
[    1.125070] rcu: Hierarchical RCU implementation.
[    1.125072] rcu: 	RCU restricting CPUs from NR_CPUS=8192 to nr_cpu_ids=128.
[    1.125072] 	Tasks RCU enabled.
[    1.125073] rcu: RCU calculated value of scheduler-enlistment delay is 25 jiffies.
[    1.125073] rcu: Adjusting geometry for rcu_fanout_leaf=16, nr_cpu_ids=128
[    1.128410] NR_IRQS: 524544, nr_irqs: 1448, preallocated irqs: 16
[    1.128848] random: crng done (trusting CPU's manufacturer)
[    1.130279] Console: colour VGA+ 80x25
[    1.130285] printk: console [tty0] enabled
[    1.130421] ACPI: Core revision 20200110
[    1.131128] clocksource: hpet: mask: 0xffffffff max_cycles: 0xffffffff, max_idle_ns: 133484882848 ns
[    1.131176] APIC: Switch to symmetric I/O mode setup
[    1.131439] x2apic enabled
[    1.131646] Switched APIC routing to physical x2apic.
[    1.132526] ..TIMER: vector=0x30 apic1=0 pin1=2 apic2=-1 pin2=-1
[    1.132550] clocksource: tsc-early: mask: 0xffffffffffffffff max_cycles: 0x2132754fda5, max_idle_ns: 440795245001 ns
[    1.132555] Calibrating delay loop (skipped) preset value.. 4606.09 BogoMIPS (lpj=9212196)
[    1.132557] pid_max: default: 131072 minimum: 1024
[    1.132620] LSM: Security Framework initializing
[    1.132629] Yama: becoming mindful.
[    1.133059] AppArmor: AppArmor initialized
[    1.133934] Mount-cache hash table entries: 16384 (order: 5, 131072 bytes, linear)
[    1.135116] Mountpoint-cache hash table entries: 16384 (order: 5, 131072 bytes, linear)
[    1.136765] *** VALIDATE tmpfs ***
[    1.138717] *** VALIDATE proc ***
[    1.140178] *** VALIDATE cgroup ***
[    1.140184] *** VALIDATE cgroup2 ***
[    1.141379] Disabled fast string operations
[    1.141531] Last level iTLB entries: 4KB 64, 2MB 8, 4MB 8
[    1.141532] Last level dTLB entries: 4KB 64, 2MB 0, 4MB 0, 1GB 4
[    1.141542] Spectre V1 : Mitigation: usercopy/swapgs barriers and __user pointer sanitization
[    1.141543] Spectre V2 : Mitigation: Full generic retpoline
[    1.141544] Spectre V2 : Spectre v2 / SpectreRSB mitigation: Filling RSB on context switch
[    1.141544] Spectre V2 : Enabling Restricted Speculation for firmware calls
[    1.141546] Spectre V2 : mitigation: Enabling conditional Indirect Branch Prediction Barrier
[    1.141547] Speculative Store Bypass: Mitigation: Speculative Store Bypass disabled via prctl and seccomp
[    1.141552] MDS: Mitigation: Clear CPU buffers
[    1.141932] Freeing SMP alternatives memory: 40K
[    1.148382] TSC deadline timer enabled
[    1.148407] smpboot: CPU0: Intel(R) Core(TM) i5-7360U CPU @ 2.30GHz (family: 0x6, model: 0x8e, stepping: 0x9)
[    1.148551] Performance Events: Skylake events, core PMU driver.
[    1.148551] core: CPUID marked event: 'cpu cycles' unavailable
[    1.148551] core: CPUID marked event: 'instructions' unavailable
[    1.148551] core: CPUID marked event: 'bus cycles' unavailable
[    1.148551] core: CPUID marked event: 'cache references' unavailable
[    1.148551] core: CPUID marked event: 'cache misses' unavailable
[    1.148551] core: CPUID marked event: 'branch instructions' unavailable
[    1.148551] core: CPUID marked event: 'branch misses' unavailable
[    1.148551] ... version:                1
[    1.148551] ... bit width:              48
[    1.148551] ... generic registers:      4
[    1.148551] ... value mask:             0000ffffffffffff
[    1.148551] ... max period:             000000007fffffff
[    1.148551] ... fixed-purpose events:   0
[    1.148551] ... event mask:             000000000000000f
[    1.148551] rcu: Hierarchical SRCU implementation.
[    1.148551] NMI watchdog: Perf NMI watchdog permanently disabled
[    1.173436] smp: Bringing up secondary CPUs ...
[    1.174560] x86: Booting SMP configuration:
[    1.174561] .... node  #0, CPUs:          #1
[    0.007762] Disabled fast string operations
[    1.177247]    #2
[    0.007762] Disabled fast string operations
[    1.178356] smp: Brought up 1 node, 3 CPUs
[    1.178356] smpboot: Max logical packages: 43
[    1.178356] smpboot: Total of 3 processors activated (13818.29 BogoMIPS)
[    1.181102] devtmpfs: initialized
[    1.181102] x86/mm: Memory block size: 128MB
[    1.184600] PM: Registering ACPI NVS region [mem 0xbfeff000-0xbfefffff] (4096 bytes)
[    1.185046] clocksource: jiffies: mask: 0xffffffff max_cycles: 0xffffffff, max_idle_ns: 7645041785100000 ns
[    1.197677] futex hash table entries: 32768 (order: 9, 2097152 bytes, linear)
[    1.198131] pinctrl core: initialized pinctrl subsystem
[    1.198398] PM: RTC time: 02:57:04, date: 2020-03-09
[    1.198400] thermal_sys: Registered thermal governor 'fair_share'
[    1.198401] thermal_sys: Registered thermal governor 'bang_bang'
[    1.198401] thermal_sys: Registered thermal governor 'step_wise'
[    1.198401] thermal_sys: Registered thermal governor 'user_space'
[    1.199315] NET: Registered protocol family 16
[    1.199494] audit: initializing netlink subsys (disabled)
[    1.199515] audit: type=2000 audit(1583722624.064:1): state=initialized audit_enabled=0 res=1
[    1.201292] EISA bus registered
[    1.201318] cpuidle: using governor ladder
[    1.201318] cpuidle: using governor menu
[    1.201318] Simple Boot Flag at 0x36 set to 0x80
[    1.201318] ACPI: bus type PCI registered
[    1.201318] acpiphp: ACPI Hot Plug PCI Controller Driver version: 0.5
[    1.201673] PCI: MMCONFIG for domain 0000 [bus 00-7f] at [mem 0xf0000000-0xf7ffffff] (base 0xf0000000)
[    1.201676] PCI: MMCONFIG at [mem 0xf0000000-0xf7ffffff] reserved in E820
[    1.201685] PCI: Using configuration type 1 for base access
[    1.204880] HugeTLB registered 1.00 GiB page size, pre-allocated 0 pages
[    1.204880] HugeTLB registered 2.00 MiB page size, pre-allocated 0 pages
[    1.232565] ACPI: Added _OSI(Module Device)
[    1.232565] ACPI: Added _OSI(Processor Device)
[    1.232565] ACPI: Added _OSI(3.0 _SCP Extensions)
[    1.232565] ACPI: Added _OSI(Processor Aggregator Device)
[    1.232565] ACPI: Added _OSI(Linux-Dell-Video)
[    1.232565] ACPI: Added _OSI(Linux-Lenovo-NV-HDMI-Audio)
[    1.232565] ACPI: Added _OSI(Linux-HPI-Hybrid-Graphics)
[    1.253807] ACPI: 1 ACPI AML tables successfully acquired and loaded
[    1.256506] ACPI: [Firmware Bug]: BIOS _OSI(Linux) query ignored
[    1.276348] ACPI: Interpreter enabled
[    1.276361] ACPI: (supports S0 S1 S4 S5)
[    1.276362] ACPI: Using IOAPIC for interrupt routing
[    1.276389] PCI: Using host bridge windows from ACPI; if necessary, use "pci=nocrs" and report a bug
[    1.278157] ACPI: Enabled 4 GPEs in block 00 to 0F
[    1.504908] ACPI: PCI Root Bridge [PCI0] (domain 0000 [bus 00-7f])
[    1.504914] acpi PNP0A03:00: _OSC: OS supports [ExtendedConfig ASPM ClockPM Segments MSI HPX-Type3]
[    1.505134] acpi PNP0A03:00: _OSC: platform does not support [AER LTR]
[    1.505363] acpi PNP0A03:00: _OSC: OS now controls [PCIeHotplug SHPCHotplug PME PCIeCapability]
[    1.507754] PCI host bridge to bus 0000:00
[    1.507756] pci_bus 0000:00: root bus resource [mem 0x000a0000-0x000bffff window]
[    1.507757] pci_bus 0000:00: root bus resource [mem 0x000cc000-0x000cffff window]
[    1.507757] pci_bus 0000:00: root bus resource [mem 0x000d0000-0x000d3fff window]
[    1.507758] pci_bus 0000:00: root bus resource [mem 0x000d4000-0x000d7fff window]
[    1.507759] pci_bus 0000:00: root bus resource [mem 0x000d8000-0x000dbfff window]
[    1.507759] pci_bus 0000:00: root bus resource [mem 0xc0000000-0xfebfffff window]
[    1.507760] pci_bus 0000:00: root bus resource [io  0x0000-0x0cf7 window]
[    1.507760] pci_bus 0000:00: root bus resource [io  0x0d00-0xfeff window]
[    1.507761] pci_bus 0000:00: root bus resource [bus 00-7f]
[    1.507829] pci 0000:00:00.0: [8086:7190] type 00 class 0x060000
[    1.507829] pci 0000:00:01.0: [8086:7191] type 01 class 0x060400
[    1.507829] pci 0000:00:07.0: [8086:7110] type 00 class 0x060100
[    1.508174] pci 0000:00:07.1: [8086:7111] type 00 class 0x01018a
[    1.508551] pci 0000:00:07.1: reg 0x20: [io  0x1060-0x106f]
[    1.508551] pci 0000:00:07.1: legacy IDE quirk: reg 0x10: [io  0x01f0-0x01f7]
[    1.508551] pci 0000:00:07.1: legacy IDE quirk: reg 0x14: [io  0x03f6]
[    1.508551] pci 0000:00:07.1: legacy IDE quirk: reg 0x18: [io  0x0170-0x0177]
[    1.508551] pci 0000:00:07.1: legacy IDE quirk: reg 0x1c: [io  0x0376]
[    1.508551] pci 0000:00:07.3: [8086:7113] type 00 class 0x068000
[    1.512922] pci 0000:00:07.3: quirk: [io  0x1000-0x103f] claimed by PIIX4 ACPI
[    1.512938] pci 0000:00:07.3: quirk: [io  0x1040-0x104f] claimed by PIIX4 SMB
[    1.513437] pci 0000:00:07.7: [15ad:0740] type 00 class 0x088000
[    1.514394] pci 0000:00:07.7: reg 0x10: [io  0x1080-0x10bf]
[    1.515327] pci 0000:00:07.7: reg 0x14: [mem 0xfebfe000-0xfebfffff 64bit]
[    1.521726] pci 0000:00:0f.0: [15ad:0405] type 00 class 0x030000
[    1.524558] pci 0000:00:0f.0: reg 0x10: [io  0x1070-0x107f]
[    1.527529] pci 0000:00:0f.0: reg 0x14: [mem 0xe8000000-0xefffffff pref]
[    1.532373] pci 0000:00:0f.0: reg 0x18: [mem 0xfe000000-0xfe7fffff]
[    1.544560] pci 0000:00:0f.0: reg 0x30: [mem 0x00000000-0x00007fff pref]
[    1.545757] pci 0000:00:10.0: [1000:0030] type 00 class 0x010000
[    1.546968] pci 0000:00:10.0: reg 0x10: [io  0x1400-0x14ff]
[    1.548361] pci 0000:00:10.0: reg 0x14: [mem 0xfeba0000-0xfebbffff 64bit]
[    1.551484] pci 0000:00:10.0: reg 0x1c: [mem 0xfebc0000-0xfebdffff 64bit]
[    1.552597] pci 0000:00:10.0: reg 0x30: [mem 0x00000000-0x00003fff pref]
[    1.554248] pci 0000:00:11.0: [15ad:0790] type 01 class 0x060401
[    1.556148] pci 0000:00:15.0: [15ad:07a0] type 01 class 0x060400
[    1.556551] pci 0000:00:15.0: PME# supported from D0 D3hot D3cold
[    1.556551] pci 0000:00:15.1: [15ad:07a0] type 01 class 0x060400
[    1.556551] pci 0000:00:15.1: PME# supported from D0 D3hot D3cold
[    1.556551] pci 0000:00:15.2: [15ad:07a0] type 01 class 0x060400
[    1.561258] pci 0000:00:15.2: PME# supported from D0 D3hot D3cold
[    1.561916] pci 0000:00:15.3: [15ad:07a0] type 01 class 0x060400
[    1.563224] pci 0000:00:15.3: PME# supported from D0 D3hot D3cold
[    1.563841] pci 0000:00:15.4: [15ad:07a0] type 01 class 0x060400
[    1.565155] pci 0000:00:15.4: PME# supported from D0 D3hot D3cold
[    1.565763] pci 0000:00:15.5: [15ad:07a0] type 01 class 0x060400
[    1.567053] pci 0000:00:15.5: PME# supported from D0 D3hot D3cold
[    1.567666] pci 0000:00:15.6: [15ad:07a0] type 01 class 0x060400
[    1.568952] pci 0000:00:15.6: PME# supported from D0 D3hot D3cold
[    1.569749] pci 0000:00:15.7: [15ad:07a0] type 01 class 0x060400
[    1.571033] pci 0000:00:15.7: PME# supported from D0 D3hot D3cold
[    1.571828] pci 0000:00:16.0: [15ad:07a0] type 01 class 0x060400
[    1.573115] pci 0000:00:16.0: PME# supported from D0 D3hot D3cold
[    1.573822] pci 0000:00:16.1: [15ad:07a0] type 01 class 0x060400
[    1.575111] pci 0000:00:16.1: PME# supported from D0 D3hot D3cold
[    1.575766] pci 0000:00:16.2: [15ad:07a0] type 01 class 0x060400
[    1.577057] pci 0000:00:16.2: PME# supported from D0 D3hot D3cold
[    1.577666] pci 0000:00:16.3: [15ad:07a0] type 01 class 0x060400
[    1.579054] pci 0000:00:16.3: PME# supported from D0 D3hot D3cold
[    1.579681] pci 0000:00:16.4: [15ad:07a0] type 01 class 0x060400
[    1.580996] pci 0000:00:16.4: PME# supported from D0 D3hot D3cold
[    1.581670] pci 0000:00:16.5: [15ad:07a0] type 01 class 0x060400
[    1.582976] pci 0000:00:16.5: PME# supported from D0 D3hot D3cold
[    1.583629] pci 0000:00:16.6: [15ad:07a0] type 01 class 0x060400
[    1.584985] pci 0000:00:16.6: PME# supported from D0 D3hot D3cold
[    1.585824] pci 0000:00:16.7: [15ad:07a0] type 01 class 0x060400
[    1.587126] pci 0000:00:16.7: PME# supported from D0 D3hot D3cold
[    1.587941] pci 0000:00:17.0: [15ad:07a0] type 01 class 0x060400
[    1.587941] pci 0000:00:17.0: PME# supported from D0 D3hot D3cold
[    1.587941] pci 0000:00:17.1: [15ad:07a0] type 01 class 0x060400
[    1.587941] pci 0000:00:17.1: PME# supported from D0 D3hot D3cold
[    1.587941] pci 0000:00:17.2: [15ad:07a0] type 01 class 0x060400
[    1.588551] pci 0000:00:17.2: PME# supported from D0 D3hot D3cold
[    1.588551] pci 0000:00:17.3: [15ad:07a0] type 01 class 0x060400
[    1.588551] pci 0000:00:17.3: PME# supported from D0 D3hot D3cold
[    1.588551] pci 0000:00:17.4: [15ad:07a0] type 01 class 0x060400
[    1.592984] pci 0000:00:17.4: PME# supported from D0 D3hot D3cold
[    1.593631] pci 0000:00:17.5: [15ad:07a0] type 01 class 0x060400
[    1.594933] pci 0000:00:17.5: PME# supported from D0 D3hot D3cold
[    1.595547] pci 0000:00:17.6: [15ad:07a0] type 01 class 0x060400
[    1.596850] pci 0000:00:17.6: PME# supported from D0 D3hot D3cold
[    1.597709] pci 0000:00:17.7: [15ad:07a0] type 01 class 0x060400
[    1.598998] pci 0000:00:17.7: PME# supported from D0 D3hot D3cold
[    1.600041] pci 0000:00:18.0: [15ad:07a0] type 01 class 0x060400
[    1.601341] pci 0000:00:18.0: PME# supported from D0 D3hot D3cold
[    1.601954] pci 0000:00:18.1: [15ad:07a0] type 01 class 0x060400
[    1.603266] pci 0000:00:18.1: PME# supported from D0 D3hot D3cold
[    1.603878] pci 0000:00:18.2: [15ad:07a0] type 01 class 0x060400
[    1.605174] pci 0000:00:18.2: PME# supported from D0 D3hot D3cold
[    1.605785] pci 0000:00:18.3: [15ad:07a0] type 01 class 0x060400
[    1.607083] pci 0000:00:18.3: PME# supported from D0 D3hot D3cold
[    1.607695] pci 0000:00:18.4: [15ad:07a0] type 01 class 0x060400
[    1.608982] pci 0000:00:18.4: PME# supported from D0 D3hot D3cold
[    1.609591] pci 0000:00:18.5: [15ad:07a0] type 01 class 0x060400
[    1.610884] pci 0000:00:18.5: PME# supported from D0 D3hot D3cold
[    1.611495] pci 0000:00:18.6: [15ad:07a0] type 01 class 0x060400
[    1.612794] pci 0000:00:18.6: PME# supported from D0 D3hot D3cold
[    1.613602] pci 0000:00:18.7: [15ad:07a0] type 01 class 0x060400
[    1.614899] pci 0000:00:18.7: PME# supported from D0 D3hot D3cold
[    1.617109] pci_bus 0000:01: extended config space not accessible
[    1.619415] pci 0000:00:01.0: PCI bridge to [bus 01]
[    1.619723] pci_bus 0000:02: extended config space not accessible
[    1.620042] acpiphp: Slot [32] registered
[    1.620068] acpiphp: Slot [33] registered
[    1.620093] acpiphp: Slot [34] registered
[    1.620117] acpiphp: Slot [35] registered
[    1.620140] acpiphp: Slot [36] registered
[    1.620163] acpiphp: Slot [37] registered
[    1.620187] acpiphp: Slot [38] registered
[    1.620262] acpiphp: Slot [39] registered
[    1.620287] acpiphp: Slot [40] registered
[    1.620310] acpiphp: Slot [41] registered
[    1.620333] acpiphp: Slot [42] registered
[    1.620356] acpiphp: Slot [43] registered
[    1.620379] acpiphp: Slot [44] registered
[    1.620431] acpiphp: Slot [45] registered
[    1.620455] acpiphp: Slot [46] registered
[    1.620478] acpiphp: Slot [47] registered
[    1.620501] acpiphp: Slot [48] registered
[    1.620524] acpiphp: Slot [49] registered
[    1.620547] acpiphp: Slot [50] registered
[    1.620551] acpiphp: Slot [51] registered
[    1.620551] acpiphp: Slot [52] registered
[    1.620551] acpiphp: Slot [53] registered
[    1.620551] acpiphp: Slot [54] registered
[    1.620551] acpiphp: Slot [55] registered
[    1.620551] acpiphp: Slot [56] registered
[    1.620551] acpiphp: Slot [57] registered
[    1.620551] acpiphp: Slot [58] registered
[    1.620551] acpiphp: Slot [59] registered
[    1.620551] acpiphp: Slot [60] registered
[    1.620551] acpiphp: Slot [61] registered
[    1.620551] acpiphp: Slot [62] registered
[    1.620551] acpiphp: Slot [63] registered
[    1.620551] pci 0000:02:00.0: [15ad:0774] type 00 class 0x0c0300
[    1.620551] pci 0000:02:00.0: reg 0x20: [io  0x2080-0x209f]
[    1.624614] pci 0000:02:01.0: [8086:100f] type 00 class 0x020000
[    1.625774] pci 0000:02:01.0: reg 0x10: [mem 0xfd5c0000-0xfd5dffff 64bit]
[    1.626992] pci 0000:02:01.0: reg 0x18: [mem 0xfdff0000-0xfdffffff 64bit]
[    1.628271] pci 0000:02:01.0: reg 0x20: [io  0x2000-0x203f]
[    1.630030] pci 0000:02:01.0: reg 0x30: [mem 0x00000000-0x0000ffff pref]
[    1.630466] pci 0000:02:01.0: PME# supported from D0 D3hot D3cold
[    1.631093] pci 0000:02:02.0: [1274:1371] type 00 class 0x040100
[    1.631585] pci 0000:02:02.0: reg 0x10: [io  0x2040-0x207f]
[    1.634378] pci 0000:02:03.0: [15ad:0770] type 00 class 0x0c0320
[    1.634936] pci 0000:02:03.0: reg 0x10: [mem 0xfd5ef000-0xfd5effff]
[    1.639218] pci 0000:02:05.0: [15ad:07e0] type 00 class 0x010601
[    1.642686] pci 0000:02:05.0: reg 0x24: [mem 0xfd5ee000-0xfd5eefff]
[    1.643185] pci 0000:02:05.0: reg 0x30: [mem 0x00000000-0x0000ffff pref]
[    1.643755] pci 0000:02:05.0: PME# supported from D3hot
[    1.649752] pci 0000:00:11.0: PCI bridge to [bus 02] (subtractive decode)
[    1.649782] pci 0000:00:11.0:   bridge window [io  0x2000-0x3fff]
[    1.649810] pci 0000:00:11.0:   bridge window [mem 0xfd500000-0xfdffffff]
[    1.649865] pci 0000:00:11.0:   bridge window [mem 0xe7b00000-0xe7ffffff 64bit pref]
[    1.649867] pci 0000:00:11.0:   bridge window [mem 0x000a0000-0x000bffff window] (subtractive decode)
[    1.649868] pci 0000:00:11.0:   bridge window [mem 0x000cc000-0x000cffff window] (subtractive decode)
[    1.649868] pci 0000:00:11.0:   bridge window [mem 0x000d0000-0x000d3fff window] (subtractive decode)
[    1.649869] pci 0000:00:11.0:   bridge window [mem 0x000d4000-0x000d7fff window] (subtractive decode)
[    1.649870] pci 0000:00:11.0:   bridge window [mem 0x000d8000-0x000dbfff window] (subtractive decode)
[    1.649870] pci 0000:00:11.0:   bridge window [mem 0xc0000000-0xfebfffff window] (subtractive decode)
[    1.649871] pci 0000:00:11.0:   bridge window [io  0x0000-0x0cf7 window] (subtractive decode)
[    1.649872] pci 0000:00:11.0:   bridge window [io  0x0d00-0xfeff window] (subtractive decode)
[    1.656504] pci 0000:00:15.0: PCI bridge to [bus 03]
[    1.656536] pci 0000:00:15.0:   bridge window [io  0x4000-0x4fff]
[    1.656554] pci 0000:00:15.0:   bridge window [mem 0xfd400000-0xfd4fffff]
[    1.656611] pci 0000:00:15.0:   bridge window [mem 0xe7a00000-0xe7afffff 64bit pref]
[    1.663150] pci 0000:00:15.1: PCI bridge to [bus 04]
[    1.663180] pci 0000:00:15.1:   bridge window [io  0x8000-0x8fff]
[    1.663209] pci 0000:00:15.1:   bridge window [mem 0xfd000000-0xfd0fffff]
[    1.663263] pci 0000:00:15.1:   bridge window [mem 0xe7600000-0xe76fffff 64bit pref]
[    1.665841] pci 0000:00:15.2: PCI bridge to [bus 05]
[    1.665874] pci 0000:00:15.2:   bridge window [io  0xc000-0xcfff]
[    1.665903] pci 0000:00:15.2:   bridge window [mem 0xfcc00000-0xfccfffff]
[    1.665958] pci 0000:00:15.2:   bridge window [mem 0xe7200000-0xe72fffff 64bit pref]
[    1.668551] pci 0000:00:15.3: PCI bridge to [bus 06]
[    1.672596] pci 0000:00:15.3:   bridge window [mem 0xfc800000-0xfc8fffff]
[    1.672651] pci 0000:00:15.3:   bridge window [mem 0xe6e00000-0xe6efffff 64bit pref]
[    1.679302] pci 0000:00:15.4: PCI bridge to [bus 07]
[    1.679361] pci 0000:00:15.4:   bridge window [mem 0xfc400000-0xfc4fffff]
[    1.679416] pci 0000:00:15.4:   bridge window [mem 0xe6a00000-0xe6afffff 64bit pref]
[    1.686012] pci 0000:00:15.5: PCI bridge to [bus 08]
[    1.686068] pci 0000:00:15.5:   bridge window [mem 0xfc000000-0xfc0fffff]
[    1.686123] pci 0000:00:15.5:   bridge window [mem 0xe6600000-0xe66fffff 64bit pref]
[    1.688656] pci 0000:00:15.6: PCI bridge to [bus 09]
[    1.688711] pci 0000:00:15.6:   bridge window [mem 0xfbc00000-0xfbcfffff]
[    1.688766] pci 0000:00:15.6:   bridge window [mem 0xe6200000-0xe62fffff 64bit pref]
[    1.692551] pci 0000:00:15.7: PCI bridge to [bus 0a]
[    1.692551] pci 0000:00:15.7:   bridge window [mem 0xfb800000-0xfb8fffff]
[    1.692551] pci 0000:00:15.7:   bridge window [mem 0xe5e00000-0xe5efffff 64bit pref]
[    1.701660] pci 0000:00:16.0: PCI bridge to [bus 0b]
[    1.701701] pci 0000:00:16.0:   bridge window [io  0x5000-0x5fff]
[    1.701730] pci 0000:00:16.0:   bridge window [mem 0xfd300000-0xfd3fffff]
[    1.701785] pci 0000:00:16.0:   bridge window [mem 0xe7900000-0xe79fffff 64bit pref]
[    1.707294] pci 0000:00:16.1: PCI bridge to [bus 0c]
[    1.707323] pci 0000:00:16.1:   bridge window [io  0x9000-0x9fff]
[    1.707352] pci 0000:00:16.1:   bridge window [mem 0xfcf00000-0xfcffffff]
[    1.707406] pci 0000:00:16.1:   bridge window [mem 0xe7500000-0xe75fffff 64bit pref]
[    1.713729] pci 0000:00:16.2: PCI bridge to [bus 0d]
[    1.713758] pci 0000:00:16.2:   bridge window [io  0xd000-0xdfff]
[    1.713787] pci 0000:00:16.2:   bridge window [mem 0xfcb00000-0xfcbfffff]
[    1.713842] pci 0000:00:16.2:   bridge window [mem 0xe7100000-0xe71fffff 64bit pref]
[    1.720579] pci 0000:00:16.3: PCI bridge to [bus 0e]
[    1.720644] pci 0000:00:16.3:   bridge window [mem 0xfc700000-0xfc7fffff]
[    1.720700] pci 0000:00:16.3:   bridge window [mem 0xe6d00000-0xe6dfffff 64bit pref]
[    1.723271] pci 0000:00:16.4: PCI bridge to [bus 0f]
[    1.723328] pci 0000:00:16.4:   bridge window [mem 0xfc300000-0xfc3fffff]
[    1.723384] pci 0000:00:16.4:   bridge window [mem 0xe6900000-0xe69fffff 64bit pref]
[    1.729917] pci 0000:00:16.5: PCI bridge to [bus 10]
[    1.729973] pci 0000:00:16.5:   bridge window [mem 0xfbf00000-0xfbffffff]
[    1.730052] pci 0000:00:16.5:   bridge window [mem 0xe6500000-0xe65fffff 64bit pref]
[    1.736668] pci 0000:00:16.6: PCI bridge to [bus 11]
[    1.736725] pci 0000:00:16.6:   bridge window [mem 0xfbb00000-0xfbbfffff]
[    1.736780] pci 0000:00:16.6:   bridge window [mem 0xe6100000-0xe61fffff 64bit pref]
[    1.743286] pci 0000:00:16.7: PCI bridge to [bus 12]
[    1.743380] pci 0000:00:16.7:   bridge window [mem 0xfb700000-0xfb7fffff]
[    1.743436] pci 0000:00:16.7:   bridge window [mem 0xe5d00000-0xe5dfffff 64bit pref]
[    1.749340] pci 0000:00:17.0: PCI bridge to [bus 13]
[    1.749377] pci 0000:00:17.0:   bridge window [io  0x6000-0x6fff]
[    1.749407] pci 0000:00:17.0:   bridge window [mem 0xfd200000-0xfd2fffff]
[    1.749462] pci 0000:00:17.0:   bridge window [mem 0xe7800000-0xe78fffff 64bit pref]
[    1.756395] pci 0000:00:17.1: PCI bridge to [bus 14]
[    1.756395] pci 0000:00:17.1:   bridge window [io  0xa000-0xafff]
[    1.756395] pci 0000:00:17.1:   bridge window [mem 0xfce00000-0xfcefffff]
[    1.756395] pci 0000:00:17.1:   bridge window [mem 0xe7400000-0xe74fffff 64bit pref]
[    1.756551] pci 0000:00:17.2: PCI bridge to [bus 15]
[    1.756551] pci 0000:00:17.2:   bridge window [io  0xe000-0xefff]
[    1.756551] pci 0000:00:17.2:   bridge window [mem 0xfca00000-0xfcafffff]
[    1.756551] pci 0000:00:17.2:   bridge window [mem 0xe7000000-0xe70fffff 64bit pref]
[    1.766313] pci 0000:00:17.3: PCI bridge to [bus 16]
[    1.766379] pci 0000:00:17.3:   bridge window [mem 0xfc600000-0xfc6fffff]
[    1.766435] pci 0000:00:17.3:   bridge window [mem 0xe6c00000-0xe6cfffff 64bit pref]
[    1.772206] pci 0000:00:17.4: PCI bridge to [bus 17]
[    1.772269] pci 0000:00:17.4:   bridge window [mem 0xfc200000-0xfc2fffff]
[    1.772342] pci 0000:00:17.4:   bridge window [mem 0xe6800000-0xe68fffff 64bit pref]
[    1.778936] pci 0000:00:17.5: PCI bridge to [bus 18]
[    1.778991] pci 0000:00:17.5:   bridge window [mem 0xfbe00000-0xfbefffff]
[    1.779055] pci 0000:00:17.5:   bridge window [mem 0xe6400000-0xe64fffff 64bit pref]
[    1.785724] pci 0000:00:17.6: PCI bridge to [bus 19]
[    1.785779] pci 0000:00:17.6:   bridge window [mem 0xfba00000-0xfbafffff]
[    1.785834] pci 0000:00:17.6:   bridge window [mem 0xe6000000-0xe60fffff 64bit pref]
[    1.792434] pci 0000:00:17.7: PCI bridge to [bus 1a]
[    1.792492] pci 0000:00:17.7:   bridge window [mem 0xfb600000-0xfb6fffff]
[    1.792548] pci 0000:00:17.7:   bridge window [mem 0xe5c00000-0xe5cfffff 64bit pref]
[    1.792551] pci 0000:00:18.0: PCI bridge to [bus 1b]
[    1.792551] pci 0000:00:18.0:   bridge window [io  0x7000-0x7fff]
[    1.792551] pci 0000:00:18.0:   bridge window [mem 0xfd100000-0xfd1fffff]
[    1.792551] pci 0000:00:18.0:   bridge window [mem 0xe7700000-0xe77fffff 64bit pref]
[    1.801859] pci 0000:00:18.1: PCI bridge to [bus 1c]
[    1.801891] pci 0000:00:18.1:   bridge window [io  0xb000-0xbfff]
[    1.801920] pci 0000:00:18.1:   bridge window [mem 0xfcd00000-0xfcdfffff]
[    1.801975] pci 0000:00:18.1:   bridge window [mem 0xe7300000-0xe73fffff 64bit pref]
[    1.808540] pci 0000:00:18.2: PCI bridge to [bus 1d]
[    1.808595] pci 0000:00:18.2:   bridge window [mem 0xfc900000-0xfc9fffff]
[    1.808651] pci 0000:00:18.2:   bridge window [mem 0xe6f00000-0xe6ffffff 64bit pref]
[    1.815269] pci 0000:00:18.3: PCI bridge to [bus 1e]
[    1.815337] pci 0000:00:18.3:   bridge window [mem 0xfc500000-0xfc5fffff]
[    1.815393] pci 0000:00:18.3:   bridge window [mem 0xe6b00000-0xe6bfffff 64bit pref]
[    1.818045] pci 0000:00:18.4: PCI bridge to [bus 1f]
[    1.818107] pci 0000:00:18.4:   bridge window [mem 0xfc100000-0xfc1fffff]
[    1.818163] pci 0000:00:18.4:   bridge window [mem 0xe6700000-0xe67fffff 64bit pref]
[    1.824717] pci 0000:00:18.5: PCI bridge to [bus 20]
[    1.824776] pci 0000:00:18.5:   bridge window [mem 0xfbd00000-0xfbdfffff]
[    1.824831] pci 0000:00:18.5:   bridge window [mem 0xe6300000-0xe63fffff 64bit pref]
[    1.831492] pci 0000:00:18.6: PCI bridge to [bus 21]
[    1.831551] pci 0000:00:18.6:   bridge window [mem 0xfb900000-0xfb9fffff]
[    1.831607] pci 0000:00:18.6:   bridge window [mem 0xe5f00000-0xe5ffffff 64bit pref]
[    1.838157] pci 0000:00:18.7: PCI bridge to [bus 22]
[    1.838213] pci 0000:00:18.7:   bridge window [mem 0xfb500000-0xfb5fffff]
[    1.838269] pci 0000:00:18.7:   bridge window [mem 0xe5b00000-0xe5bfffff 64bit pref]
[    1.841452] ACPI: PCI Interrupt Link [LNKA] (IRQs 3 4 5 6 7 *9 10 11 14 15)
[    1.841563] ACPI: PCI Interrupt Link [LNKB] (IRQs 3 4 5 6 7 9 10 *11 14 15)
[    1.841675] ACPI: PCI Interrupt Link [LNKC] (IRQs 3 4 5 6 7 9 *10 11 14 15)
[    1.841782] ACPI: PCI Interrupt Link [LNKD] (IRQs 3 4 5 6 *7 9 10 11 14 15)
[    1.884691] iommu: Default domain type: Translated 
[    1.884710] pci 0000:00:0f.0: vgaarb: setting as boot VGA device
[    1.884710] pci 0000:00:0f.0: vgaarb: VGA device added: decodes=io+mem,owns=io+mem,locks=none
[    1.884710] pci 0000:00:0f.0: vgaarb: bridge control possible
[    1.884710] vgaarb: loaded
[    1.885410] SCSI subsystem initialized
[    1.885468] libata version 3.00 loaded.
[    1.885468] ACPI: bus type USB registered
[    1.885468] usbcore: registered new interface driver usbfs
[    1.885468] usbcore: registered new interface driver hub
[    1.885468] usbcore: registered new device driver usb
[    1.885468] pps_core: LinuxPPS API ver. 1 registered
[    1.885468] pps_core: Software ver. 5.3.6 - Copyright 2005-2007 Rodolfo Giometti <giometti@linux.it>
[    1.885468] PTP clock support registered
[    1.885468] EDAC MC: Ver: 3.0.0
[    1.888695] PCI: Using ACPI for IRQ routing
[    1.913867] PCI: pci_cache_line_size set to 64 bytes
[    1.915156] e820: reserve RAM buffer [mem 0x0009e800-0x0009ffff]
[    1.915157] e820: reserve RAM buffer [mem 0xbfed0000-0xbfffffff]
[    1.915487] NetLabel: Initializing
[    1.915488] NetLabel:  domain hash size = 128
[    1.915488] NetLabel:  protocols = UNLABELED CIPSOv4 CALIPSO
[    1.915692] NetLabel:  unlabeled traffic allowed by default
[    1.920380] hpet0: at MMIO 0xfed00000, IRQs 2, 8, 0, 0, 0, 0, 0, 0, 0, 0, 0, 0, 0, 0, 0, 0
[    1.920383] hpet0: 16 comparators, 64-bit 14.318180 MHz counter
[    1.922673] clocksource: Switched to clocksource tsc-early
[    1.997225] *** VALIDATE bpf ***
[    1.998335] VFS: Disk quotas dquot_6.6.0
[    1.998389] VFS: Dquot-cache hash table entries: 512 (order 0, 4096 bytes)
[    1.998627] *** VALIDATE ramfs ***
[    1.998634] *** VALIDATE hugetlbfs ***
[    1.999221] AppArmor: AppArmor Filesystem Enabled
[    1.999243] pnp: PnP ACPI init
[    1.999496] system 00:00: [io  0x1000-0x103f] has been reserved
[    1.999498] system 00:00: [io  0x1040-0x104f] has been reserved
[    1.999499] system 00:00: [io  0x0cf0-0x0cf1] has been reserved
[    1.999503] system 00:00: Plug and Play ACPI device, IDs PNP0c02 (active)
[    1.999521] pnp 00:01: Plug and Play ACPI device, IDs PNP0b00 (active)
[    1.999534] pnp 00:02: Plug and Play ACPI device, IDs PNP0303 (active)
[    1.999607] pnp 00:03: Plug and Play ACPI device, IDs VMW0003 PNP0f13 (active)
[    1.999853] system 00:04: [mem 0xfed00000-0xfed003ff] has been reserved
[    1.999856] system 00:04: Plug and Play ACPI device, IDs PNP0103 PNP0c01 (active)
[    2.001978] pnp 00:05: Plug and Play ACPI device, IDs PNP0501 (active)
[    2.002539] system 00:06: [io  0xfce0-0xfcff] has been reserved
[    2.002541] system 00:06: [mem 0xf0000000-0xf7ffffff] has been reserved
[    2.002542] system 00:06: [mem 0xfe800000-0xfe9fffff] has been reserved
[    2.002545] system 00:06: Plug and Play ACPI device, IDs PNP0c02 (active)
[    2.039642] pnp: PnP ACPI: found 7 devices
[    2.052777] clocksource: acpi_pm: mask: 0xffffff max_cycles: 0xffffff, max_idle_ns: 2085701024 ns
[    2.052843] pci 0000:00:15.3: bridge window [io  0x1000-0x0fff] to [bus 06] add_size 1000
[    2.052844] pci 0000:00:15.4: bridge window [io  0x1000-0x0fff] to [bus 07] add_size 1000
[    2.052845] pci 0000:00:15.5: bridge window [io  0x1000-0x0fff] to [bus 08] add_size 1000
[    2.052846] pci 0000:00:15.6: bridge window [io  0x1000-0x0fff] to [bus 09] add_size 1000
[    2.052847] pci 0000:00:15.7: bridge window [io  0x1000-0x0fff] to [bus 0a] add_size 1000
[    2.052848] pci 0000:00:16.3: bridge window [io  0x1000-0x0fff] to [bus 0e] add_size 1000
[    2.052849] pci 0000:00:16.4: bridge window [io  0x1000-0x0fff] to [bus 0f] add_size 1000
[    2.052850] pci 0000:00:16.5: bridge window [io  0x1000-0x0fff] to [bus 10] add_size 1000
[    2.052850] pci 0000:00:16.6: bridge window [io  0x1000-0x0fff] to [bus 11] add_size 1000
[    2.052851] pci 0000:00:16.7: bridge window [io  0x1000-0x0fff] to [bus 12] add_size 1000
[    2.052852] pci 0000:00:17.3: bridge window [io  0x1000-0x0fff] to [bus 16] add_size 1000
[    2.052853] pci 0000:00:17.4: bridge window [io  0x1000-0x0fff] to [bus 17] add_size 1000
[    2.052854] pci 0000:00:17.5: bridge window [io  0x1000-0x0fff] to [bus 18] add_size 1000
[    2.052855] pci 0000:00:17.6: bridge window [io  0x1000-0x0fff] to [bus 19] add_size 1000
[    2.052856] pci 0000:00:17.7: bridge window [io  0x1000-0x0fff] to [bus 1a] add_size 1000
[    2.052857] pci 0000:00:18.2: bridge window [io  0x1000-0x0fff] to [bus 1d] add_size 1000
[    2.052857] pci 0000:00:18.3: bridge window [io  0x1000-0x0fff] to [bus 1e] add_size 1000
[    2.052858] pci 0000:00:18.4: bridge window [io  0x1000-0x0fff] to [bus 1f] add_size 1000
[    2.052859] pci 0000:00:18.5: bridge window [io  0x1000-0x0fff] to [bus 20] add_size 1000
[    2.052860] pci 0000:00:18.6: bridge window [io  0x1000-0x0fff] to [bus 21] add_size 1000
[    2.052860] pci 0000:00:18.7: bridge window [io  0x1000-0x0fff] to [bus 22] add_size 1000
[    2.052902] pci 0000:00:0f.0: BAR 6: assigned [mem 0xc0000000-0xc0007fff pref]
[    2.052904] pci 0000:00:10.0: BAR 6: assigned [mem 0xc0008000-0xc000bfff pref]
[    2.052906] pci 0000:00:15.3: BAR 13: no space for [io  size 0x1000]
[    2.052907] pci 0000:00:15.3: BAR 13: failed to assign [io  size 0x1000]
[    2.052908] pci 0000:00:15.4: BAR 13: no space for [io  size 0x1000]
[    2.052909] pci 0000:00:15.4: BAR 13: failed to assign [io  size 0x1000]
[    2.052910] pci 0000:00:15.5: BAR 13: no space for [io  size 0x1000]
[    2.052911] pci 0000:00:15.5: BAR 13: failed to assign [io  size 0x1000]
[    2.052912] pci 0000:00:15.6: BAR 13: no space for [io  size 0x1000]
[    2.052912] pci 0000:00:15.6: BAR 13: failed to assign [io  size 0x1000]
[    2.052914] pci 0000:00:15.7: BAR 13: no space for [io  size 0x1000]
[    2.052914] pci 0000:00:15.7: BAR 13: failed to assign [io  size 0x1000]
[    2.052943] pci 0000:00:16.3: BAR 13: no space for [io  size 0x1000]
[    2.052944] pci 0000:00:16.3: BAR 13: failed to assign [io  size 0x1000]
[    2.052945] pci 0000:00:16.4: BAR 13: no space for [io  size 0x1000]
[    2.052946] pci 0000:00:16.4: BAR 13: failed to assign [io  size 0x1000]
[    2.052947] pci 0000:00:16.5: BAR 13: no space for [io  size 0x1000]
[    2.052947] pci 0000:00:16.5: BAR 13: failed to assign [io  size 0x1000]
[    2.052949] pci 0000:00:16.6: BAR 13: no space for [io  size 0x1000]
[    2.052949] pci 0000:00:16.6: BAR 13: failed to assign [io  size 0x1000]
[    2.052950] pci 0000:00:16.7: BAR 13: no space for [io  size 0x1000]
[    2.052951] pci 0000:00:16.7: BAR 13: failed to assign [io  size 0x1000]
[    2.052952] pci 0000:00:17.3: BAR 13: no space for [io  size 0x1000]
[    2.052953] pci 0000:00:17.3: BAR 13: failed to assign [io  size 0x1000]
[    2.052954] pci 0000:00:17.4: BAR 13: no space for [io  size 0x1000]
[    2.052954] pci 0000:00:17.4: BAR 13: failed to assign [io  size 0x1000]
[    2.052955] pci 0000:00:17.5: BAR 13: no space for [io  size 0x1000]
[    2.052956] pci 0000:00:17.5: BAR 13: failed to assign [io  size 0x1000]
[    2.052957] pci 0000:00:17.6: BAR 13: no space for [io  size 0x1000]
[    2.052958] pci 0000:00:17.6: BAR 13: failed to assign [io  size 0x1000]
[    2.052959] pci 0000:00:17.7: BAR 13: no space for [io  size 0x1000]
[    2.052959] pci 0000:00:17.7: BAR 13: failed to assign [io  size 0x1000]
[    2.052961] pci 0000:00:18.2: BAR 13: no space for [io  size 0x1000]
[    2.052961] pci 0000:00:18.2: BAR 13: failed to assign [io  size 0x1000]
[    2.052962] pci 0000:00:18.3: BAR 13: no space for [io  size 0x1000]
[    2.052963] pci 0000:00:18.3: BAR 13: failed to assign [io  size 0x1000]
[    2.052964] pci 0000:00:18.4: BAR 13: no space for [io  size 0x1000]
[    2.052964] pci 0000:00:18.4: BAR 13: failed to assign [io  size 0x1000]
[    2.052966] pci 0000:00:18.5: BAR 13: no space for [io  size 0x1000]
[    2.052966] pci 0000:00:18.5: BAR 13: failed to assign [io  size 0x1000]
[    2.052967] pci 0000:00:18.6: BAR 13: no space for [io  size 0x1000]
[    2.052968] pci 0000:00:18.6: BAR 13: failed to assign [io  size 0x1000]
[    2.052969] pci 0000:00:18.7: BAR 13: no space for [io  size 0x1000]
[    2.052970] pci 0000:00:18.7: BAR 13: failed to assign [io  size 0x1000]
[    2.052973] pci 0000:00:18.7: BAR 13: no space for [io  size 0x1000]
[    2.052973] pci 0000:00:18.7: BAR 13: failed to assign [io  size 0x1000]
[    2.052975] pci 0000:00:18.6: BAR 13: no space for [io  size 0x1000]
[    2.052975] pci 0000:00:18.6: BAR 13: failed to assign [io  size 0x1000]
[    2.052976] pci 0000:00:18.5: BAR 13: no space for [io  size 0x1000]
[    2.052977] pci 0000:00:18.5: BAR 13: failed to assign [io  size 0x1000]
[    2.052978] pci 0000:00:18.4: BAR 13: no space for [io  size 0x1000]
[    2.052978] pci 0000:00:18.4: BAR 13: failed to assign [io  size 0x1000]
[    2.052980] pci 0000:00:18.3: BAR 13: no space for [io  size 0x1000]
[    2.052980] pci 0000:00:18.3: BAR 13: failed to assign [io  size 0x1000]
[    2.052981] pci 0000:00:18.2: BAR 13: no space for [io  size 0x1000]
[    2.052982] pci 0000:00:18.2: BAR 13: failed to assign [io  size 0x1000]
[    2.052983] pci 0000:00:17.7: BAR 13: no space for [io  size 0x1000]
[    2.052984] pci 0000:00:17.7: BAR 13: failed to assign [io  size 0x1000]
[    2.052985] pci 0000:00:17.6: BAR 13: no space for [io  size 0x1000]
[    2.052985] pci 0000:00:17.6: BAR 13: failed to assign [io  size 0x1000]
[    2.052986] pci 0000:00:17.5: BAR 13: no space for [io  size 0x1000]
[    2.052987] pci 0000:00:17.5: BAR 13: failed to assign [io  size 0x1000]
[    2.052988] pci 0000:00:17.4: BAR 13: no space for [io  size 0x1000]
[    2.052989] pci 0000:00:17.4: BAR 13: failed to assign [io  size 0x1000]
[    2.052990] pci 0000:00:17.3: BAR 13: no space for [io  size 0x1000]
[    2.052990] pci 0000:00:17.3: BAR 13: failed to assign [io  size 0x1000]
[    2.052991] pci 0000:00:16.7: BAR 13: no space for [io  size 0x1000]
[    2.052992] pci 0000:00:16.7: BAR 13: failed to assign [io  size 0x1000]
[    2.052993] pci 0000:00:16.6: BAR 13: no space for [io  size 0x1000]
[    2.052994] pci 0000:00:16.6: BAR 13: failed to assign [io  size 0x1000]
[    2.052995] pci 0000:00:16.5: BAR 13: no space for [io  size 0x1000]
[    2.052995] pci 0000:00:16.5: BAR 13: failed to assign [io  size 0x1000]
[    2.052996] pci 0000:00:16.4: BAR 13: no space for [io  size 0x1000]
[    2.052997] pci 0000:00:16.4: BAR 13: failed to assign [io  size 0x1000]
[    2.052998] pci 0000:00:16.3: BAR 13: no space for [io  size 0x1000]
[    2.052999] pci 0000:00:16.3: BAR 13: failed to assign [io  size 0x1000]
[    2.053000] pci 0000:00:15.7: BAR 13: no space for [io  size 0x1000]
[    2.053000] pci 0000:00:15.7: BAR 13: failed to assign [io  size 0x1000]
[    2.053001] pci 0000:00:15.6: BAR 13: no space for [io  size 0x1000]
[    2.053002] pci 0000:00:15.6: BAR 13: failed to assign [io  size 0x1000]
[    2.053003] pci 0000:00:15.5: BAR 13: no space for [io  size 0x1000]
[    2.053004] pci 0000:00:15.5: BAR 13: failed to assign [io  size 0x1000]
[    2.053005] pci 0000:00:15.4: BAR 13: no space for [io  size 0x1000]
[    2.053005] pci 0000:00:15.4: BAR 13: failed to assign [io  size 0x1000]
[    2.053006] pci 0000:00:15.3: BAR 13: no space for [io  size 0x1000]
[    2.053007] pci 0000:00:15.3: BAR 13: failed to assign [io  size 0x1000]
[    2.053009] pci 0000:00:01.0: PCI bridge to [bus 01]
[    2.053139] pci 0000:02:01.0: BAR 6: assigned [mem 0xfd500000-0xfd50ffff pref]
[    2.053140] pci 0000:02:05.0: BAR 6: assigned [mem 0xfd510000-0xfd51ffff pref]
[    2.053141] pci 0000:00:11.0: PCI bridge to [bus 02]
[    2.053158] pci 0000:00:11.0:   bridge window [io  0x2000-0x3fff]
[    2.053200] pci 0000:00:11.0:   bridge window [mem 0xfd500000-0xfdffffff]
[    2.053228] pci 0000:00:11.0:   bridge window [mem 0xe7b00000-0xe7ffffff 64bit pref]
[    2.053283] pci 0000:00:15.0: PCI bridge to [bus 03]
[    2.053297] pci 0000:00:15.0:   bridge window [io  0x4000-0x4fff]
[    2.053339] pci 0000:00:15.0:   bridge window [mem 0xfd400000-0xfd4fffff]
[    2.053367] pci 0000:00:15.0:   bridge window [mem 0xe7a00000-0xe7afffff 64bit pref]
[    2.053781] pci 0000:00:15.1: PCI bridge to [bus 04]
[    2.053801] pci 0000:00:15.1:   bridge window [io  0x8000-0x8fff]
[    2.053845] pci 0000:00:15.1:   bridge window [mem 0xfd000000-0xfd0fffff]
[    2.053873] pci 0000:00:15.1:   bridge window [mem 0xe7600000-0xe76fffff 64bit pref]
[    2.053941] pci 0000:00:15.2: PCI bridge to [bus 05]
[    2.053957] pci 0000:00:15.2:   bridge window [io  0xc000-0xcfff]
[    2.053999] pci 0000:00:15.2:   bridge window [mem 0xfcc00000-0xfccfffff]
[    2.054027] pci 0000:00:15.2:   bridge window [mem 0xe7200000-0xe72fffff 64bit pref]
[    2.054088] pci 0000:00:15.3: PCI bridge to [bus 06]
[    2.054130] pci 0000:00:15.3:   bridge window [mem 0xfc800000-0xfc8fffff]
[    2.054158] pci 0000:00:15.3:   bridge window [mem 0xe6e00000-0xe6efffff 64bit pref]
[    2.054219] pci 0000:00:15.4: PCI bridge to [bus 07]
[    2.054262] pci 0000:00:15.4:   bridge window [mem 0xfc400000-0xfc4fffff]
[    2.054290] pci 0000:00:15.4:   bridge window [mem 0xe6a00000-0xe6afffff 64bit pref]
[    2.054352] pci 0000:00:15.5: PCI bridge to [bus 08]
[    2.054394] pci 0000:00:15.5:   bridge window [mem 0xfc000000-0xfc0fffff]
[    2.054422] pci 0000:00:15.5:   bridge window [mem 0xe6600000-0xe66fffff 64bit pref]
[    2.054482] pci 0000:00:15.6: PCI bridge to [bus 09]
[    2.054524] pci 0000:00:15.6:   bridge window [mem 0xfbc00000-0xfbcfffff]
[    2.054553] pci 0000:00:15.6:   bridge window [mem 0xe6200000-0xe62fffff 64bit pref]
[    2.054613] pci 0000:00:15.7: PCI bridge to [bus 0a]
[    2.054655] pci 0000:00:15.7:   bridge window [mem 0xfb800000-0xfb8fffff]
[    2.054683] pci 0000:00:15.7:   bridge window [mem 0xe5e00000-0xe5efffff 64bit pref]
[    2.054743] pci 0000:00:16.0: PCI bridge to [bus 0b]
[    2.054759] pci 0000:00:16.0:   bridge window [io  0x5000-0x5fff]
[    2.054801] pci 0000:00:16.0:   bridge window [mem 0xfd300000-0xfd3fffff]
[    2.054829] pci 0000:00:16.0:   bridge window [mem 0xe7900000-0xe79fffff 64bit pref]
[    2.054889] pci 0000:00:16.1: PCI bridge to [bus 0c]
[    2.054904] pci 0000:00:16.1:   bridge window [io  0x9000-0x9fff]
[    2.054946] pci 0000:00:16.1:   bridge window [mem 0xfcf00000-0xfcffffff]
[    2.054974] pci 0000:00:16.1:   bridge window [mem 0xe7500000-0xe75fffff 64bit pref]
[    2.055033] pci 0000:00:16.2: PCI bridge to [bus 0d]
[    2.055049] pci 0000:00:16.2:   bridge window [io  0xd000-0xdfff]
[    2.055091] pci 0000:00:16.2:   bridge window [mem 0xfcb00000-0xfcbfffff]
[    2.055119] pci 0000:00:16.2:   bridge window [mem 0xe7100000-0xe71fffff 64bit pref]
[    2.055178] pci 0000:00:16.3: PCI bridge to [bus 0e]
[    2.055220] pci 0000:00:16.3:   bridge window [mem 0xfc700000-0xfc7fffff]
[    2.055248] pci 0000:00:16.3:   bridge window [mem 0xe6d00000-0xe6dfffff 64bit pref]
[    2.055308] pci 0000:00:16.4: PCI bridge to [bus 0f]
[    2.055351] pci 0000:00:16.4:   bridge window [mem 0xfc300000-0xfc3fffff]
[    2.055378] pci 0000:00:16.4:   bridge window [mem 0xe6900000-0xe69fffff 64bit pref]
[    2.055439] pci 0000:00:16.5: PCI bridge to [bus 10]
[    2.055481] pci 0000:00:16.5:   bridge window [mem 0xfbf00000-0xfbffffff]
[    2.055509] pci 0000:00:16.5:   bridge window [mem 0xe6500000-0xe65fffff 64bit pref]
[    2.055568] pci 0000:00:16.6: PCI bridge to [bus 11]
[    2.055610] pci 0000:00:16.6:   bridge window [mem 0xfbb00000-0xfbbfffff]
[    2.055638] pci 0000:00:16.6:   bridge window [mem 0xe6100000-0xe61fffff 64bit pref]
[    2.055698] pci 0000:00:16.7: PCI bridge to [bus 12]
[    2.055740] pci 0000:00:16.7:   bridge window [mem 0xfb700000-0xfb7fffff]
[    2.055768] pci 0000:00:16.7:   bridge window [mem 0xe5d00000-0xe5dfffff 64bit pref]
[    2.055842] pci 0000:00:17.0: PCI bridge to [bus 13]
[    2.055858] pci 0000:00:17.0:   bridge window [io  0x6000-0x6fff]
[    2.055900] pci 0000:00:17.0:   bridge window [mem 0xfd200000-0xfd2fffff]
[    2.055928] pci 0000:00:17.0:   bridge window [mem 0xe7800000-0xe78fffff 64bit pref]
[    2.055988] pci 0000:00:17.1: PCI bridge to [bus 14]
[    2.056003] pci 0000:00:17.1:   bridge window [io  0xa000-0xafff]
[    2.056045] pci 0000:00:17.1:   bridge window [mem 0xfce00000-0xfcefffff]
[    2.056073] pci 0000:00:17.1:   bridge window [mem 0xe7400000-0xe74fffff 64bit pref]
[    2.056133] pci 0000:00:17.2: PCI bridge to [bus 15]
[    2.056148] pci 0000:00:17.2:   bridge window [io  0xe000-0xefff]
[    2.056190] pci 0000:00:17.2:   bridge window [mem 0xfca00000-0xfcafffff]
[    2.056218] pci 0000:00:17.2:   bridge window [mem 0xe7000000-0xe70fffff 64bit pref]
[    2.056278] pci 0000:00:17.3: PCI bridge to [bus 16]
[    2.056320] pci 0000:00:17.3:   bridge window [mem 0xfc600000-0xfc6fffff]
[    2.056348] pci 0000:00:17.3:   bridge window [mem 0xe6c00000-0xe6cfffff 64bit pref]
[    2.056408] pci 0000:00:17.4: PCI bridge to [bus 17]
[    2.056450] pci 0000:00:17.4:   bridge window [mem 0xfc200000-0xfc2fffff]
[    2.056478] pci 0000:00:17.4:   bridge window [mem 0xe6800000-0xe68fffff 64bit pref]
[    2.056537] pci 0000:00:17.5: PCI bridge to [bus 18]
[    2.056590] pci 0000:00:17.5:   bridge window [mem 0xfbe00000-0xfbefffff]
[    2.056619] pci 0000:00:17.5:   bridge window [mem 0xe6400000-0xe64fffff 64bit pref]
[    2.056679] pci 0000:00:17.6: PCI bridge to [bus 19]
[    2.056721] pci 0000:00:17.6:   bridge window [mem 0xfba00000-0xfbafffff]
[    2.056749] pci 0000:00:17.6:   bridge window [mem 0xe6000000-0xe60fffff 64bit pref]
[    2.056809] pci 0000:00:17.7: PCI bridge to [bus 1a]
[    2.056851] pci 0000:00:17.7:   bridge window [mem 0xfb600000-0xfb6fffff]
[    2.056879] pci 0000:00:17.7:   bridge window [mem 0xe5c00000-0xe5cfffff 64bit pref]
[    2.056939] pci 0000:00:18.0: PCI bridge to [bus 1b]
[    2.056954] pci 0000:00:18.0:   bridge window [io  0x7000-0x7fff]
[    2.056996] pci 0000:00:18.0:   bridge window [mem 0xfd100000-0xfd1fffff]
[    2.057024] pci 0000:00:18.0:   bridge window [mem 0xe7700000-0xe77fffff 64bit pref]
[    2.057084] pci 0000:00:18.1: PCI bridge to [bus 1c]
[    2.057099] pci 0000:00:18.1:   bridge window [io  0xb000-0xbfff]
[    2.057141] pci 0000:00:18.1:   bridge window [mem 0xfcd00000-0xfcdfffff]
[    2.057169] pci 0000:00:18.1:   bridge window [mem 0xe7300000-0xe73fffff 64bit pref]
[    2.057229] pci 0000:00:18.2: PCI bridge to [bus 1d]
[    2.057271] pci 0000:00:18.2:   bridge window [mem 0xfc900000-0xfc9fffff]
[    2.057299] pci 0000:00:18.2:   bridge window [mem 0xe6f00000-0xe6ffffff 64bit pref]
[    2.057359] pci 0000:00:18.3: PCI bridge to [bus 1e]
[    2.057401] pci 0000:00:18.3:   bridge window [mem 0xfc500000-0xfc5fffff]
[    2.057429] pci 0000:00:18.3:   bridge window [mem 0xe6b00000-0xe6bfffff 64bit pref]
[    2.057489] pci 0000:00:18.4: PCI bridge to [bus 1f]
[    2.057531] pci 0000:00:18.4:   bridge window [mem 0xfc100000-0xfc1fffff]
[    2.057559] pci 0000:00:18.4:   bridge window [mem 0xe6700000-0xe67fffff 64bit pref]
[    2.057618] pci 0000:00:18.5: PCI bridge to [bus 20]
[    2.057660] pci 0000:00:18.5:   bridge window [mem 0xfbd00000-0xfbdfffff]
[    2.057688] pci 0000:00:18.5:   bridge window [mem 0xe6300000-0xe63fffff 64bit pref]
[    2.057748] pci 0000:00:18.6: PCI bridge to [bus 21]
[    2.057790] pci 0000:00:18.6:   bridge window [mem 0xfb900000-0xfb9fffff]
[    2.057818] pci 0000:00:18.6:   bridge window [mem 0xe5f00000-0xe5ffffff 64bit pref]
[    2.057878] pci 0000:00:18.7: PCI bridge to [bus 22]
[    2.057920] pci 0000:00:18.7:   bridge window [mem 0xfb500000-0xfb5fffff]
[    2.057948] pci 0000:00:18.7:   bridge window [mem 0xe5b00000-0xe5bfffff 64bit pref]
[    2.058009] pci_bus 0000:00: resource 4 [mem 0x000a0000-0x000bffff window]
[    2.058010] pci_bus 0000:00: resource 5 [mem 0x000cc000-0x000cffff window]
[    2.058010] pci_bus 0000:00: resource 6 [mem 0x000d0000-0x000d3fff window]
[    2.058011] pci_bus 0000:00: resource 7 [mem 0x000d4000-0x000d7fff window]
[    2.058011] pci_bus 0000:00: resource 8 [mem 0x000d8000-0x000dbfff window]
[    2.058012] pci_bus 0000:00: resource 9 [mem 0xc0000000-0xfebfffff window]
[    2.058013] pci_bus 0000:00: resource 10 [io  0x0000-0x0cf7 window]
[    2.058013] pci_bus 0000:00: resource 11 [io  0x0d00-0xfeff window]
[    2.058014] pci_bus 0000:02: resource 0 [io  0x2000-0x3fff]
[    2.058015] pci_bus 0000:02: resource 1 [mem 0xfd500000-0xfdffffff]
[    2.058016] pci_bus 0000:02: resource 2 [mem 0xe7b00000-0xe7ffffff 64bit pref]
[    2.058016] pci_bus 0000:02: resource 4 [mem 0x000a0000-0x000bffff window]
[    2.058017] pci_bus 0000:02: resource 5 [mem 0x000cc000-0x000cffff window]
[    2.058017] pci_bus 0000:02: resource 6 [mem 0x000d0000-0x000d3fff window]
[    2.058018] pci_bus 0000:02: resource 7 [mem 0x000d4000-0x000d7fff window]
[    2.058018] pci_bus 0000:02: resource 8 [mem 0x000d8000-0x000dbfff window]
[    2.058019] pci_bus 0000:02: resource 9 [mem 0xc0000000-0xfebfffff window]
[    2.058020] pci_bus 0000:02: resource 10 [io  0x0000-0x0cf7 window]
[    2.058020] pci_bus 0000:02: resource 11 [io  0x0d00-0xfeff window]
[    2.058021] pci_bus 0000:03: resource 0 [io  0x4000-0x4fff]
[    2.058022] pci_bus 0000:03: resource 1 [mem 0xfd400000-0xfd4fffff]
[    2.058022] pci_bus 0000:03: resource 2 [mem 0xe7a00000-0xe7afffff 64bit pref]
[    2.058023] pci_bus 0000:04: resource 0 [io  0x8000-0x8fff]
[    2.058023] pci_bus 0000:04: resource 1 [mem 0xfd000000-0xfd0fffff]
[    2.058024] pci_bus 0000:04: resource 2 [mem 0xe7600000-0xe76fffff 64bit pref]
[    2.058025] pci_bus 0000:05: resource 0 [io  0xc000-0xcfff]
[    2.058025] pci_bus 0000:05: resource 1 [mem 0xfcc00000-0xfccfffff]
[    2.058026] pci_bus 0000:05: resource 2 [mem 0xe7200000-0xe72fffff 64bit pref]
[    2.058026] pci_bus 0000:06: resource 1 [mem 0xfc800000-0xfc8fffff]
[    2.058027] pci_bus 0000:06: resource 2 [mem 0xe6e00000-0xe6efffff 64bit pref]
[    2.058028] pci_bus 0000:07: resource 1 [mem 0xfc400000-0xfc4fffff]
[    2.058028] pci_bus 0000:07: resource 2 [mem 0xe6a00000-0xe6afffff 64bit pref]
[    2.058029] pci_bus 0000:08: resource 1 [mem 0xfc000000-0xfc0fffff]
[    2.058029] pci_bus 0000:08: resource 2 [mem 0xe6600000-0xe66fffff 64bit pref]
[    2.058030] pci_bus 0000:09: resource 1 [mem 0xfbc00000-0xfbcfffff]
[    2.058031] pci_bus 0000:09: resource 2 [mem 0xe6200000-0xe62fffff 64bit pref]
[    2.058031] pci_bus 0000:0a: resource 1 [mem 0xfb800000-0xfb8fffff]
[    2.058032] pci_bus 0000:0a: resource 2 [mem 0xe5e00000-0xe5efffff 64bit pref]
[    2.058033] pci_bus 0000:0b: resource 0 [io  0x5000-0x5fff]
[    2.058033] pci_bus 0000:0b: resource 1 [mem 0xfd300000-0xfd3fffff]
[    2.058034] pci_bus 0000:0b: resource 2 [mem 0xe7900000-0xe79fffff 64bit pref]
[    2.058034] pci_bus 0000:0c: resource 0 [io  0x9000-0x9fff]
[    2.058035] pci_bus 0000:0c: resource 1 [mem 0xfcf00000-0xfcffffff]
[    2.058035] pci_bus 0000:0c: resource 2 [mem 0xe7500000-0xe75fffff 64bit pref]
[    2.058036] pci_bus 0000:0d: resource 0 [io  0xd000-0xdfff]
[    2.058037] pci_bus 0000:0d: resource 1 [mem 0xfcb00000-0xfcbfffff]
[    2.058037] pci_bus 0000:0d: resource 2 [mem 0xe7100000-0xe71fffff 64bit pref]
[    2.058038] pci_bus 0000:0e: resource 1 [mem 0xfc700000-0xfc7fffff]
[    2.058038] pci_bus 0000:0e: resource 2 [mem 0xe6d00000-0xe6dfffff 64bit pref]
[    2.058039] pci_bus 0000:0f: resource 1 [mem 0xfc300000-0xfc3fffff]
[    2.058040] pci_bus 0000:0f: resource 2 [mem 0xe6900000-0xe69fffff 64bit pref]
[    2.058040] pci_bus 0000:10: resource 1 [mem 0xfbf00000-0xfbffffff]
[    2.058041] pci_bus 0000:10: resource 2 [mem 0xe6500000-0xe65fffff 64bit pref]
[    2.058042] pci_bus 0000:11: resource 1 [mem 0xfbb00000-0xfbbfffff]
[    2.058042] pci_bus 0000:11: resource 2 [mem 0xe6100000-0xe61fffff 64bit pref]
[    2.058043] pci_bus 0000:12: resource 1 [mem 0xfb700000-0xfb7fffff]
[    2.058043] pci_bus 0000:12: resource 2 [mem 0xe5d00000-0xe5dfffff 64bit pref]
[    2.058044] pci_bus 0000:13: resource 0 [io  0x6000-0x6fff]
[    2.058044] pci_bus 0000:13: resource 1 [mem 0xfd200000-0xfd2fffff]
[    2.058045] pci_bus 0000:13: resource 2 [mem 0xe7800000-0xe78fffff 64bit pref]
[    2.058046] pci_bus 0000:14: resource 0 [io  0xa000-0xafff]
[    2.058046] pci_bus 0000:14: resource 1 [mem 0xfce00000-0xfcefffff]
[    2.058047] pci_bus 0000:14: resource 2 [mem 0xe7400000-0xe74fffff 64bit pref]
[    2.058047] pci_bus 0000:15: resource 0 [io  0xe000-0xefff]
[    2.058048] pci_bus 0000:15: resource 1 [mem 0xfca00000-0xfcafffff]
[    2.058049] pci_bus 0000:15: resource 2 [mem 0xe7000000-0xe70fffff 64bit pref]
[    2.058049] pci_bus 0000:16: resource 1 [mem 0xfc600000-0xfc6fffff]
[    2.058050] pci_bus 0000:16: resource 2 [mem 0xe6c00000-0xe6cfffff 64bit pref]
[    2.058050] pci_bus 0000:17: resource 1 [mem 0xfc200000-0xfc2fffff]
[    2.058051] pci_bus 0000:17: resource 2 [mem 0xe6800000-0xe68fffff 64bit pref]
[    2.058052] pci_bus 0000:18: resource 1 [mem 0xfbe00000-0xfbefffff]
[    2.058052] pci_bus 0000:18: resource 2 [mem 0xe6400000-0xe64fffff 64bit pref]
[    2.058053] pci_bus 0000:19: resource 1 [mem 0xfba00000-0xfbafffff]
[    2.058053] pci_bus 0000:19: resource 2 [mem 0xe6000000-0xe60fffff 64bit pref]
[    2.058054] pci_bus 0000:1a: resource 1 [mem 0xfb600000-0xfb6fffff]
[    2.058054] pci_bus 0000:1a: resource 2 [mem 0xe5c00000-0xe5cfffff 64bit pref]
[    2.058055] pci_bus 0000:1b: resource 0 [io  0x7000-0x7fff]
[    2.058056] pci_bus 0000:1b: resource 1 [mem 0xfd100000-0xfd1fffff]
[    2.058056] pci_bus 0000:1b: resource 2 [mem 0xe7700000-0xe77fffff 64bit pref]
[    2.058057] pci_bus 0000:1c: resource 0 [io  0xb000-0xbfff]
[    2.058057] pci_bus 0000:1c: resource 1 [mem 0xfcd00000-0xfcdfffff]
[    2.058058] pci_bus 0000:1c: resource 2 [mem 0xe7300000-0xe73fffff 64bit pref]
[    2.058058] pci_bus 0000:1d: resource 1 [mem 0xfc900000-0xfc9fffff]
[    2.058059] pci_bus 0000:1d: resource 2 [mem 0xe6f00000-0xe6ffffff 64bit pref]
[    2.058060] pci_bus 0000:1e: resource 1 [mem 0xfc500000-0xfc5fffff]
[    2.058060] pci_bus 0000:1e: resource 2 [mem 0xe6b00000-0xe6bfffff 64bit pref]
[    2.058061] pci_bus 0000:1f: resource 1 [mem 0xfc100000-0xfc1fffff]
[    2.058061] pci_bus 0000:1f: resource 2 [mem 0xe6700000-0xe67fffff 64bit pref]
[    2.058062] pci_bus 0000:20: resource 1 [mem 0xfbd00000-0xfbdfffff]
[    2.058063] pci_bus 0000:20: resource 2 [mem 0xe6300000-0xe63fffff 64bit pref]
[    2.058063] pci_bus 0000:21: resource 1 [mem 0xfb900000-0xfb9fffff]
[    2.058064] pci_bus 0000:21: resource 2 [mem 0xe5f00000-0xe5ffffff 64bit pref]
[    2.058064] pci_bus 0000:22: resource 1 [mem 0xfb500000-0xfb5fffff]
[    2.058065] pci_bus 0000:22: resource 2 [mem 0xe5b00000-0xe5bfffff 64bit pref]
[    2.058327] NET: Registered protocol family 2
[    2.070482] tcp_listen_portaddr_hash hash table entries: 4096 (order: 4, 65536 bytes, linear)
[    2.073530] TCP established hash table entries: 65536 (order: 7, 524288 bytes, linear)
[    2.084021] TCP bind hash table entries: 65536 (order: 8, 1048576 bytes, linear)
[    2.084075] TCP: Hash tables configured (established 65536 bind 65536)
[    2.087031] UDP hash table entries: 4096 (order: 5, 131072 bytes, linear)
[    2.088002] UDP-Lite hash table entries: 4096 (order: 5, 131072 bytes, linear)
[    2.089503] NET: Registered protocol family 1
[    2.089507] NET: Registered protocol family 44
[    2.089521] pci 0000:00:00.0: Limiting direct PCI/PCI transfers
[    2.089680] pci 0000:00:0f.0: Video device with shadowed ROM at [mem 0x000c0000-0x000dffff]
[    2.093675] pci 0000:02:01.0: CLS mismatch (32 != 64), using 64 bytes
[    2.095522] Trying to unpack rootfs image as initramfs...
[   17.074699] Freeing initrd memory: 442716K
[   17.074820] PCI-DMA: Using software bounce buffering for IO (SWIOTLB)
[   17.074822] software IO TLB: mapped [mem 0xbbed0000-0xbfed0000] (64MB)
[   17.075013] check: Scanning for low memory corruption every 60 seconds
[   17.083105] Initialise system trusted keyrings
[   17.083116] Key type blacklist registered
[   17.083414] workingset: timestamp_bits=36 max_order=21 bucket_order=0
[   17.093465] zbud: loaded
[   17.095317] squashfs: version 4.0 (2009/01/31) Phillip Lougher
[   17.098053] fuse: init (API version 7.31)
[   17.098327] *** VALIDATE fuseblk ***
[   17.098329] *** VALIDATE fuse ***
[   17.101041] Platform Keyring initialized
[   17.108606] Key type asymmetric registered
[   17.108608] Asymmetric key parser 'x509' registered
[   17.108624] Block layer SCSI generic (bsg) driver version 0.4 loaded (major 245)
[   17.108907] io scheduler mq-deadline registered
[   17.111918] pcieport 0000:00:15.0: PME: Signaling with IRQ 24
[   17.112461] pcieport 0000:00:15.0: pciehp: Slot #160 AttnBtn+ PwrCtrl+ MRL- AttnInd- PwrInd- HotPlug+ Surprise- Interlock- NoCompl+ LLActRep+
[   17.115145] pcieport 0000:00:15.1: PME: Signaling with IRQ 25
[   17.115308] pcieport 0000:00:15.1: pciehp: Slot #161 AttnBtn+ PwrCtrl+ MRL- AttnInd- PwrInd- HotPlug+ Surprise- Interlock- NoCompl+ LLActRep+
[   17.117252] pcieport 0000:00:15.2: PME: Signaling with IRQ 26
[   17.117388] pcieport 0000:00:15.2: pciehp: Slot #162 AttnBtn+ PwrCtrl+ MRL- AttnInd- PwrInd- HotPlug+ Surprise- Interlock- NoCompl+ LLActRep+
[   17.119570] pcieport 0000:00:15.3: PME: Signaling with IRQ 27
[   17.119747] pcieport 0000:00:15.3: pciehp: Slot #163 AttnBtn+ PwrCtrl+ MRL- AttnInd- PwrInd- HotPlug+ Surprise- Interlock- NoCompl+ LLActRep+
[   17.122186] pcieport 0000:00:15.4: PME: Signaling with IRQ 28
[   17.122409] pcieport 0000:00:15.4: pciehp: Slot #164 AttnBtn+ PwrCtrl+ MRL- AttnInd- PwrInd- HotPlug+ Surprise- Interlock- NoCompl+ LLActRep+
[   17.124822] pcieport 0000:00:15.5: PME: Signaling with IRQ 29
[   17.124997] pcieport 0000:00:15.5: pciehp: Slot #165 AttnBtn+ PwrCtrl+ MRL- AttnInd- PwrInd- HotPlug+ Surprise- Interlock- NoCompl+ LLActRep+
[   17.127077] pcieport 0000:00:15.6: PME: Signaling with IRQ 30
[   17.127246] pcieport 0000:00:15.6: pciehp: Slot #166 AttnBtn+ PwrCtrl+ MRL- AttnInd- PwrInd- HotPlug+ Surprise- Interlock- NoCompl+ LLActRep+
[   17.130052] pcieport 0000:00:15.7: PME: Signaling with IRQ 31
[   17.130252] pcieport 0000:00:15.7: pciehp: Slot #167 AttnBtn+ PwrCtrl+ MRL- AttnInd- PwrInd- HotPlug+ Surprise- Interlock- NoCompl+ LLActRep+
[   17.132689] pcieport 0000:00:16.0: PME: Signaling with IRQ 32
[   17.132954] pcieport 0000:00:16.0: pciehp: Slot #192 AttnBtn+ PwrCtrl+ MRL- AttnInd- PwrInd- HotPlug+ Surprise- Interlock- NoCompl+ LLActRep+
[   17.135003] pcieport 0000:00:16.1: PME: Signaling with IRQ 33
[   17.135169] pcieport 0000:00:16.1: pciehp: Slot #193 AttnBtn+ PwrCtrl+ MRL- AttnInd- PwrInd- HotPlug+ Surprise- Interlock- NoCompl+ LLActRep+
[   17.137007] pcieport 0000:00:16.2: PME: Signaling with IRQ 34
[   17.137130] pcieport 0000:00:16.2: pciehp: Slot #194 AttnBtn+ PwrCtrl+ MRL- AttnInd- PwrInd- HotPlug+ Surprise- Interlock- NoCompl+ LLActRep+
[   17.138964] pcieport 0000:00:16.3: PME: Signaling with IRQ 35
[   17.139126] pcieport 0000:00:16.3: pciehp: Slot #195 AttnBtn+ PwrCtrl+ MRL- AttnInd- PwrInd- HotPlug+ Surprise- Interlock- NoCompl+ LLActRep+
[   17.141282] pcieport 0000:00:16.4: PME: Signaling with IRQ 36
[   17.141577] pcieport 0000:00:16.4: pciehp: Slot #196 AttnBtn+ PwrCtrl+ MRL- AttnInd- PwrInd- HotPlug+ Surprise- Interlock- NoCompl+ LLActRep+
[   17.145545] pcieport 0000:00:16.5: PME: Signaling with IRQ 37
[   17.145899] pcieport 0000:00:16.5: pciehp: Slot #197 AttnBtn+ PwrCtrl+ MRL- AttnInd- PwrInd- HotPlug+ Surprise- Interlock- NoCompl+ LLActRep+
[   17.149682] pcieport 0000:00:16.6: PME: Signaling with IRQ 38
[   17.150157] pcieport 0000:00:16.6: pciehp: Slot #198 AttnBtn+ PwrCtrl+ MRL- AttnInd- PwrInd- HotPlug+ Surprise- Interlock- NoCompl+ LLActRep+
[   17.152626] pcieport 0000:00:16.7: PME: Signaling with IRQ 39
[   17.152779] pcieport 0000:00:16.7: pciehp: Slot #199 AttnBtn+ PwrCtrl+ MRL- AttnInd- PwrInd- HotPlug+ Surprise- Interlock- NoCompl+ LLActRep+
[   17.155891] pcieport 0000:00:17.0: PME: Signaling with IRQ 40
[   17.156072] pcieport 0000:00:17.0: pciehp: Slot #224 AttnBtn+ PwrCtrl+ MRL- AttnInd- PwrInd- HotPlug+ Surprise- Interlock- NoCompl+ LLActRep+
[   17.159243] pcieport 0000:00:17.1: PME: Signaling with IRQ 41
[   17.159565] pcieport 0000:00:17.1: pciehp: Slot #225 AttnBtn+ PwrCtrl+ MRL- AttnInd- PwrInd- HotPlug+ Surprise- Interlock- NoCompl+ LLActRep+
[   17.162022] pcieport 0000:00:17.2: PME: Signaling with IRQ 42
[   17.162154] pcieport 0000:00:17.2: pciehp: Slot #226 AttnBtn+ PwrCtrl+ MRL- AttnInd- PwrInd- HotPlug+ Surprise- Interlock- NoCompl+ LLActRep+
[   17.164253] pcieport 0000:00:17.3: PME: Signaling with IRQ 43
[   17.164665] pcieport 0000:00:17.3: pciehp: Slot #227 AttnBtn+ PwrCtrl+ MRL- AttnInd- PwrInd- HotPlug+ Surprise- Interlock- NoCompl+ LLActRep+
[   17.167187] pcieport 0000:00:17.4: PME: Signaling with IRQ 44
[   17.167303] pcieport 0000:00:17.4: pciehp: Slot #228 AttnBtn+ PwrCtrl+ MRL- AttnInd- PwrInd- HotPlug+ Surprise- Interlock- NoCompl+ LLActRep+
[   17.170824] pcieport 0000:00:17.5: PME: Signaling with IRQ 45
[   17.171616] pcieport 0000:00:17.5: pciehp: Slot #229 AttnBtn+ PwrCtrl+ MRL- AttnInd- PwrInd- HotPlug+ Surprise- Interlock- NoCompl+ LLActRep+
[   17.176247] pcieport 0000:00:17.6: PME: Signaling with IRQ 46
[   17.176500] pcieport 0000:00:17.6: pciehp: Slot #230 AttnBtn+ PwrCtrl+ MRL- AttnInd- PwrInd- HotPlug+ Surprise- Interlock- NoCompl+ LLActRep+
[   17.179601] pcieport 0000:00:17.7: PME: Signaling with IRQ 47
[   17.179844] pcieport 0000:00:17.7: pciehp: Slot #231 AttnBtn+ PwrCtrl+ MRL- AttnInd- PwrInd- HotPlug+ Surprise- Interlock- NoCompl+ LLActRep+
[   17.182928] pcieport 0000:00:18.0: PME: Signaling with IRQ 48
[   17.183088] pcieport 0000:00:18.0: pciehp: Slot #256 AttnBtn+ PwrCtrl+ MRL- AttnInd- PwrInd- HotPlug+ Surprise- Interlock- NoCompl+ LLActRep+
[   17.186823] pcieport 0000:00:18.1: PME: Signaling with IRQ 49
[   17.187186] pcieport 0000:00:18.1: pciehp: Slot #257 AttnBtn+ PwrCtrl+ MRL- AttnInd- PwrInd- HotPlug+ Surprise- Interlock- NoCompl+ LLActRep+
[   17.190840] pcieport 0000:00:18.2: PME: Signaling with IRQ 50
[   17.190960] pcieport 0000:00:18.2: pciehp: Slot #258 AttnBtn+ PwrCtrl+ MRL- AttnInd- PwrInd- HotPlug+ Surprise- Interlock- NoCompl+ LLActRep+
[   17.192495] pcieport 0000:00:18.3: PME: Signaling with IRQ 51
[   17.192619] pcieport 0000:00:18.3: pciehp: Slot #259 AttnBtn+ PwrCtrl+ MRL- AttnInd- PwrInd- HotPlug+ Surprise- Interlock- NoCompl+ LLActRep+
[   17.194091] pcieport 0000:00:18.4: PME: Signaling with IRQ 52
[   17.194202] pcieport 0000:00:18.4: pciehp: Slot #260 AttnBtn+ PwrCtrl+ MRL- AttnInd- PwrInd- HotPlug+ Surprise- Interlock- NoCompl+ LLActRep+
[   17.195691] pcieport 0000:00:18.5: PME: Signaling with IRQ 53
[   17.195834] pcieport 0000:00:18.5: pciehp: Slot #261 AttnBtn+ PwrCtrl+ MRL- AttnInd- PwrInd- HotPlug+ Surprise- Interlock- NoCompl+ LLActRep+
[   17.198818] pcieport 0000:00:18.6: PME: Signaling with IRQ 54
[   17.200819] pcieport 0000:00:18.6: pciehp: Slot #262 AttnBtn+ PwrCtrl+ MRL- AttnInd- PwrInd- HotPlug+ Surprise- Interlock- NoCompl+ LLActRep+
[   17.205232] pcieport 0000:00:18.7: PME: Signaling with IRQ 55
[   17.205447] pcieport 0000:00:18.7: pciehp: Slot #263 AttnBtn+ PwrCtrl+ MRL- AttnInd- PwrInd- HotPlug+ Surprise- Interlock- NoCompl+ LLActRep+
[   17.207593] shpchp: Standard Hot Plug PCI Controller Driver version: 0.4
[   17.207731] intel_idle: Please enable MWAIT in BIOS SETUP
[   17.208516] ACPI: AC Adapter [ACAD] (on-line)
[   17.208858] input: Power Button as /devices/LNXSYSTM:00/LNXPWRBN:00/input/input0
[   17.208910] ACPI: Power Button [PWRF]
[   17.210584] Serial: 8250/16550 driver, 32 ports, IRQ sharing enabled
[   17.211578] 00:05: ttyS0 at I/O 0x3f8 (irq = 4, base_baud = 115200) is a 16550A
[   17.283715] Linux agpgart interface v0.103
[   17.283935] agpgart-intel 0000:00:00.0: Intel 440BX Chipset
[   17.286533] agpgart-intel 0000:00:00.0: AGP aperture is 256M @ 0x0
[   17.366985] loop: module loaded
[   17.367386] ata_piix 0000:00:07.1: version 2.13
[   17.369291] scsi host0: ata_piix
[   17.370887] scsi host1: ata_piix
[   17.370945] ata1: PATA max UDMA/33 cmd 0x1f0 ctl 0x3f6 bmdma 0x1060 irq 14
[   17.370946] ata2: PATA max UDMA/33 cmd 0x170 ctl 0x376 bmdma 0x1068 irq 15
[   17.371728] libphy: Fixed MDIO Bus: probed
[   17.371729] tun: Universal TUN/TAP device driver, 1.6
[   17.371901] PPP generic driver version 2.4.2
[   17.372518] ehci_hcd: USB 2.0 'Enhanced' Host Controller (EHCI) Driver
[   17.372522] ehci-pci: EHCI PCI platform driver
[   17.373040] ehci-pci 0000:02:03.0: EHCI Host Controller
[   17.373044] ehci-pci 0000:02:03.0: new USB bus registered, assigned bus number 1
[   17.373520] ehci-pci 0000:02:03.0: cache line size of 64 is not supported
[   17.373542] ehci-pci 0000:02:03.0: irq 17, io mem 0xfd5ef000
[   17.401713] ehci-pci 0000:02:03.0: USB 2.0 started, EHCI 1.00
[   17.401832] usb usb1: New USB device found, idVendor=1d6b, idProduct=0002, bcdDevice= 5.06
[   17.401834] usb usb1: New USB device strings: Mfr=3, Product=2, SerialNumber=1
[   17.401835] usb usb1: Product: EHCI Host Controller
[   17.401836] usb usb1: Manufacturer: Linux 5.6.0-rc3+ ehci_hcd
[   17.401836] usb usb1: SerialNumber: 0000:02:03.0
[   17.402211] hub 1-0:1.0: USB hub found
[   17.402216] hub 1-0:1.0: 6 ports detected
[   17.402987] ehci-platform: EHCI generic platform driver
[   17.403002] ohci_hcd: USB 1.1 'Open' Host Controller (OHCI) Driver
[   17.403006] ohci-pci: OHCI PCI platform driver
[   17.403023] ohci-platform: OHCI generic platform driver
[   17.403109] uhci_hcd: USB Universal Host Controller Interface driver
[   17.404061] uhci_hcd 0000:02:00.0: UHCI Host Controller
[   17.404067] uhci_hcd 0000:02:00.0: new USB bus registered, assigned bus number 2
[   17.404150] uhci_hcd 0000:02:00.0: detected 2 ports
[   17.411661] uhci_hcd 0000:02:00.0: irq 18, io base 0x00002080
[   17.412019] usb usb2: New USB device found, idVendor=1d6b, idProduct=0001, bcdDevice= 5.06
[   17.412021] usb usb2: New USB device strings: Mfr=3, Product=2, SerialNumber=1
[   17.412022] usb usb2: Product: UHCI Host Controller
[   17.412023] usb usb2: Manufacturer: Linux 5.6.0-rc3+ uhci_hcd
[   17.412024] usb usb2: SerialNumber: 0000:02:00.0
[   17.412604] hub 2-0:1.0: USB hub found
[   17.412612] hub 2-0:1.0: 2 ports detected
[   17.412989] i8042: PNP: PS/2 Controller [PNP0303:KBC,PNP0f13:MOUS] at 0x60,0x64 irq 1,12
[   17.414365] serio: i8042 KBD port at 0x60,0x64 irq 1
[   17.414371] serio: i8042 AUX port at 0x60,0x64 irq 12
[   17.414911] mousedev: PS/2 mouse device common for all mice
[   17.417392] input: AT Translated Set 2 keyboard as /devices/platform/i8042/serio0/input/input1
[   17.436217] rtc_cmos 00:01: registered as rtc0
[   17.436289] rtc_cmos 00:01: alarms up to one month, y3k, 114 bytes nvram, hpet irqs
[   17.436297] i2c /dev entries driver
[   17.436343] device-mapper: uevent: version 1.0.3
[   17.436545] device-mapper: ioctl: 4.41.0-ioctl (2019-09-16) initialised: dm-devel@redhat.com
[   17.436596] platform eisa.0: Probing EISA bus 0
[   17.436598] platform eisa.0: EISA: Cannot allocate resource for mainboard
[   17.436599] platform eisa.0: Cannot allocate resource for EISA slot 1
[   17.436599] platform eisa.0: Cannot allocate resource for EISA slot 2
[   17.436600] platform eisa.0: Cannot allocate resource for EISA slot 3
[   17.436600] platform eisa.0: Cannot allocate resource for EISA slot 4
[   17.436601] platform eisa.0: Cannot allocate resource for EISA slot 5
[   17.436602] platform eisa.0: Cannot allocate resource for EISA slot 6
[   17.436602] platform eisa.0: Cannot allocate resource for EISA slot 7
[   17.436603] platform eisa.0: Cannot allocate resource for EISA slot 8
[   17.436603] platform eisa.0: EISA: Detected 0 cards
[   17.436605] intel_pstate: CPU model not supported
[   17.436987] ledtrig-cpu: registered to indicate activity on CPUs
[   17.437320] intel_pmc_core intel_pmc_core.0:  initialized
[   17.437413] drop_monitor: Initializing network drop monitor service
[   17.437906] NET: Registered protocol family 10
[   17.450598] Segment Routing with IPv6
[   17.450621] NET: Registered protocol family 17
[   17.450902] Key type dns_resolver registered
[   17.451724] RAS: Correctable Errors collector initialized.
[   17.451731] IPI shorthand broadcast: enabled
[   17.451737] sched_clock: Marking stable (17447886266, 3762945)->(17548409832, -96760621)
[   17.452130] registered taskstats version 1
[   17.452141] Loading compiled-in X.509 certificates
[   17.454449] Loaded X.509 cert 'Build time autogenerated kernel key: 8db5e56510b235c3baf464bb587dbb9a463affaa'
[   17.454773] zswap: loaded using pool lzo/zbud
[   17.455821] Key type ._fscrypt registered
[   17.455822] Key type .fscrypt registered
[   17.455822] Key type fscrypt-provisioning registered
[   17.463299] Key type big_key registered
[   17.466563] Key type encrypted registered
[   17.466569] AppArmor: AppArmor sha1 policy hashing enabled
[   17.466578] ima: No TPM chip found, activating TPM-bypass!
[   17.466586] ima: Allocated hash algorithm: sha1
[   17.466592] ima: No architecture policies found
[   17.466601] evm: Initialising EVM extended attributes:
[   17.466602] evm: security.selinux
[   17.466602] evm: security.SMACK64
[   17.466603] evm: security.SMACK64EXEC
[   17.466603] evm: security.SMACK64TRANSMUTE
[   17.466603] evm: security.SMACK64MMAP
[   17.466603] evm: security.apparmor
[   17.466604] evm: security.ima
[   17.466604] evm: security.capability
[   17.466605] evm: HMAC attrs: 0x1
[   17.472077] PM:   Magic number: 12:308:965
[   17.472247] clockevents clockevent46: hash matches
[   17.472681] acpi PNP0501:1c: hash matches
[   17.472694] memory memory16: hash matches
[   17.473126] rtc_cmos 00:01: setting system clock to 2020-03-09T02:57:20 UTC (1583722640)
[   17.557050] Freeing unused decrypted memory: 2040K
[   17.557433] Freeing unused kernel image (initmem) memory: 2540K
[   17.557579] Write protecting the kernel read-only data: 22528k
[   17.558560] Freeing unused kernel image (text/rodata gap) memory: 2040K
[   17.559171] Freeing unused kernel image (rodata/data gap) memory: 1104K
[   17.591326] x86/mm: Checked W+X mappings: passed, no W+X pages found.
[   17.591328] x86/mm: Checking user space page tables
[   17.623220] x86/mm: Checked W+X mappings: passed, no W+X pages found.
[   17.623224] Run /init as init process
[   17.623225]   with arguments:
[   17.623226]     /init
[   17.623226]     auto
[   17.623226]     noprompt
[   17.623227]   with environment:
[   17.623227]     HOME=/
[   17.623227]     TERM=linux
[   17.623227]     BOOT_IMAGE=/boot/vmlinuz-5.6.0-rc3+
[   17.623228]     find_preseed=/preseed.cfg
[   17.623228]     priority=critical
[   17.623228]     locale=en_US
[   17.740620] usb 1-1: new high-speed USB device number 2 using ehci-pci
[   17.752698] usb 2-1: new full-speed USB device number 2 using uhci_hcd
[   17.779315] usb 1-1: New USB device found, idVendor=0e0f, idProduct=000b, bcdDevice= 1.00
[   17.779317] usb 1-1: New USB device strings: Mfr=1, Product=2, SerialNumber=0
[   17.779318] usb 1-1: Product: VMware Virtual USB Video Device
[   17.779318] usb 1-1: Manufacturer: VMware, Inc.
[   17.914619] usb 2-1: New USB device found, idVendor=0e0f, idProduct=0003, bcdDevice= 1.03
[   17.914621] usb 2-1: New USB device strings: Mfr=1, Product=2, SerialNumber=0
[   17.914622] usb 2-1: Product: VMware Virtual USB Mouse
[   17.914623] usb 2-1: Manufacturer: VMware
[   18.048570] usb 2-2: new full-speed USB device number 3 using uhci_hcd
[   18.088714] tsc: Refined TSC clocksource calibration: 2303.043 MHz
[   18.088804] clocksource: tsc: mask: 0xffffffffffffffff max_cycles: 0x21326fa96b4, max_idle_ns: 440795256026 ns
[   18.088940] clocksource: Switched to clocksource tsc
[   18.120656] piix4_smbus 0000:00:07.3: SMBus Host Controller not enabled!
[   18.123070] e1000: Intel(R) PRO/1000 Network Driver - version 7.3.21-k8-NAPI
[   18.123071] e1000: Copyright (c) 1999-2006 Intel Corporation.
[   18.126566] ahci 0000:02:05.0: version 3.0
[   18.129029] ahci 0000:02:05.0: AHCI 0001.0300 32 slots 30 ports 6 Gbps 0x3fffffff impl SATA mode
[   18.129031] ahci 0000:02:05.0: flags: 64bit ncq clo only 
[   18.130881] Fusion MPT base driver 3.04.20
[   18.130882] Copyright (c) 1999-2008 LSI Corporation
[   18.164399] input: VirtualPS/2 VMware VMMouse as /devices/platform/i8042/serio1/input/input4
[   18.164667] Fusion MPT SPI Host driver 3.04.20
[   18.165005] input: VirtualPS/2 VMware VMMouse as /devices/platform/i8042/serio1/input/input3
[   18.166604] scsi host2: ahci
[   18.166791] scsi host3: ahci
[   18.167792] scsi host4: ahci
[   18.168408] scsi host5: ahci
[   18.168512] scsi host6: ahci
[   18.169116] scsi host7: ahci
[   18.169270] scsi host8: ahci
[   18.169567] scsi host9: ahci
[   18.169940] scsi host10: ahci
[   18.170009] mptbase: ioc0: Initiating bringup
[   18.170046] scsi host11: ahci
[   18.170414] scsi host12: ahci
[   18.171218] scsi host13: ahci
[   18.171296] scsi host14: ahci
[   18.171920] scsi host15: ahci
[   18.172152] scsi host16: ahci
[   18.172607] scsi host17: ahci
[   18.172710] scsi host18: ahci
[   18.174422] scsi host19: ahci
[   18.174874] scsi host20: ahci
[   18.177006] scsi host21: ahci
[   18.177113] scsi host22: ahci
[   18.178371] scsi host23: ahci
[   18.179004] scsi host24: ahci
[   18.179661] scsi host25: ahci
[   18.180040] scsi host26: ahci
[   18.180141] scsi host27: ahci
[   18.180536] scsi host28: ahci
[   18.180660] scsi host29: ahci
[   18.180759] scsi host30: ahci
[   18.181118] scsi host31: ahci
[   18.181183] ata3: SATA max UDMA/133 abar m4096@0xfd5ee000 port 0xfd5ee100 irq 56
[   18.181184] ata4: SATA max UDMA/133 abar m4096@0xfd5ee000 port 0xfd5ee180 irq 56
[   18.181185] ata5: SATA max UDMA/133 abar m4096@0xfd5ee000 port 0xfd5ee200 irq 56
[   18.181186] ata6: SATA max UDMA/133 abar m4096@0xfd5ee000 port 0xfd5ee280 irq 56
[   18.181187] ata7: SATA max UDMA/133 abar m4096@0xfd5ee000 port 0xfd5ee300 irq 56
[   18.181188] ata8: SATA max UDMA/133 abar m4096@0xfd5ee000 port 0xfd5ee380 irq 56
[   18.181188] ata9: SATA max UDMA/133 abar m4096@0xfd5ee000 port 0xfd5ee400 irq 56
[   18.181189] ata10: SATA max UDMA/133 abar m4096@0xfd5ee000 port 0xfd5ee480 irq 56
[   18.181190] ata11: SATA max UDMA/133 abar m4096@0xfd5ee000 port 0xfd5ee500 irq 56
[   18.181191] ata12: SATA max UDMA/133 abar m4096@0xfd5ee000 port 0xfd5ee580 irq 56
[   18.181192] ata13: SATA max UDMA/133 abar m4096@0xfd5ee000 port 0xfd5ee600 irq 56
